2026-06-04 22:57:09,658 [INFO] Created default config.json
2026-06-04 22:57:09,658 [INFO] === Starting scrape run [manual] for 2026-06-04 ===
2026-06-04 22:57:16,862 [INFO] [Tarzana Inn] Attempt 1/3 ...
2026-06-04 22:57:56,441 [WARNING] [Tarzana Inn] Attempt 1 failed: Page.wait_for_selector: Timeout 30000ms exceeded.
Call log:
waiting for locator(".room-type-info, .roomtype-list, [class*='room'], .booking-room") to be visible
  -   locator resolved to 35 elements. Proceeding with the first one: <div class="vres_room_infoBg"></div>
  -   locator resolved to 35 elements. Proceeding with the first one: <div class="vres_room_infoBg"></div>
  -   locator resolved to 35 elements. Proceeding with the first one: <div class="vres_room_infoBg"></div>
  -   locator resolved to 35 elements. Proceeding with the first one: <div class="vres_room_infoBg"></div>
  -   locator resolved to 35 elements. Proceeding with the first one: <div class="vres_room_infoBg"></div>
  -   locator resolved to 35 elements. Proceeding with the first one: <div class="vres_room_infoBg"></div>
  -   locator resolved to 35 elements. Proceeding with the first one: <div class="vres_room_infoBg"></div>
  -   locator resolved to 35 elements. Proceeding with the first one: <div class="vres_room_infoBg"></div>
  -   locator resolved to 35 elements. Proceeding with the first one: <div class="vres_room_infoBg"></div>
  -   locator resolved to 35 elements. Proceeding with the first one: <div class="vres_room_infoBg"></div>
  -   locator resolved to 35 elements. Proceeding with the first one: <div class="vres_room_infoBg"></div>
  -   locator resolved to 35 elements. Proceeding with the first one: <div class="vres_room_infoBg"></div>
  -   locator resolved to 35 elements. Proceeding with the first one: <div class="vres_room_infoBg"></div>
  -   locator resolved to 35 elements. Proceeding with the first one: <div class="vres_room_infoBg"></div>
  -   locator resolved to 35 elements. Proceeding with the first one: <div class="vres_room_infoBg"></div>
  -   locator resolved to 35 elements. Proceeding with the first one: <div class="vres_room_infoBg"></div>
  -   locator resolved to 35 elements. Proceeding with the first one: <div class="vres_room_infoBg"></div>
  -   locator resolved to 35 elements. Proceeding with the first one: <div class="vres_room_infoBg"></div>
  -   locator resolved to 35 elements. Proceeding with the first one: <div class="vres_room_infoBg"></div>
  -   locator resolved to 35 elements. Proceeding with the first one: <div class="vres_room_infoBg"></div>
  -   locator resolved to 35 elements. Proceeding with the first one: <div class="vres_room_infoBg"></div>
  -   locator resolved to 35 elements. Proceeding with the first one: <div class="vres_room_infoBg"></div>
  -   locator resolved to 35 elements. Proceeding with the first one: <div class="vres_room_infoBg"></div>
  -   locator resolved to 35 elements. Proceeding with the first one: <div class="vres_room_infoBg"></div>
  -   locator resolved to 35 elements. Proceeding with the first one: <div class="vres_room_infoBg"></div>
  -   locator resolved to 35 elements. Proceeding with the first one: <div class="vres_room_infoBg"></div>
  -   locator resolved to 35 elements. Proceeding with the first one: <div class="vres_room_infoBg"></div>
  -   locator resolved to 35 elements. Proceeding with the first one: <div class="vres_room_infoBg"></div>
  -   locator resolved to 35 elements. Proceeding with the first one: <div class="vres_room_infoBg"></div>
  -   locator resolved to 35 elements. Proceeding with the first one: <div class="vres_room_infoBg"></div>
  -   locator resolved to 35 elements. Proceeding with the first one: <div class="vres_room_infoBg"></div>
  -   locator resolved to 35 elements. Proceeding with the first one: <div class="vres_room_infoBg"></div>
  -   locator resolved to 35 elements. Proceeding with the first one: <div class="vres_room_infoBg"></div>
  -   locator resolved to 35 elements. Proceeding with the first one: <div class="vres_room_infoBg"></div>
  -   locator resolved to 35 elements. Proceeding with the first one: <div class="vres_room_infoBg"></div>
  -   locator resolved to 35 elements. Proceeding with the first one: <div class="vres_room_infoBg"></div>
  -   locator resolved to 35 elements. Proceeding with the first one: <div class="vres_room_infoBg"></div>
  -   locator resolved to 35 elements. Proceeding with the first one: <div class="vres_room_infoBg"></div>
  -   locator resolved to 35 elements. Proceeding with the first one: <div class="vres_room_infoBg"></div>
  -   locator resolved to 35 elements. Proceeding with the first one: <div class="vres_room_infoBg"></div>
  -   locator resolved to 35 elements. Proceeding with the first one: <div class="vres_room_infoBg"></div>
  -   locator resolved to 35 elements. Proceeding with the first one: <div class="vres_room_infoBg"></div>
  -   locator resolved to 35 elements. Proceeding with the first one: <div class="vres_room_infoBg"></div>
  -   locator resolved to 35 elements. Proceeding with the first one: <div class="vres_room_infoBg"></div>
  -   locator resolved to 35 elements. Proceeding with the first one: <div class="vres_room_infoBg"></div>
  -   locator resolved to 35 elements. Proceeding with the first one: <div class="vres_room_infoBg"></div>
  -   locator resolved to 35 elements. Proceeding with the first one: <div class="vres_room_infoBg"></div>
  -   locator resolved to 35 elements. Proceeding with the first one: <div class="vres_room_infoBg"></div>
  -   locator resolved to 35 elements. Proceeding with the first one: <div class="vres_room_infoBg"></div>
  -   locator resolved to 35 elements. Proceeding with the first one: <div class="vres_room_infoBg"></div>
  -   locator resolved to 35 elements. Proceeding with the first one: <div class="vres_room_infoBg"></div>
  -   locator resolved to 35 elements. Proceeding with the first one: <div class="vres_room_infoBg"></div>
  -   locator resolved to 35 elements. Proceeding with the first one: <div class="vres_room_infoBg"></div>
  -   locator resolved to 35 elements. Proceeding with the first one: <div class="vres_room_infoBg"></div>
  -   locator resolved to 35 elements. Proceeding with the first one: <div class="vres_room_infoBg"></div>
  -   locator resolved to 35 elements. Proceeding with the first one: <div class="vres_room_infoBg"></div>
  -   locator resolved to 35 elements. Proceeding with the first one: <div class="vres_room_infoBg"></div>
  -   locator resolved to 35 elements. Proceeding with the first one: <div class="vres_room_infoBg"></div>
  -   locator resolved to 35 elements. Proceeding with the first one: <div class="vres_room_infoBg"></div>
  -   locator resolved to 35 elements. Proceeding with the first one: <div class="vres_room_infoBg"></div>
  -   locator resolved to 35 elements. Proceeding with the first one: <div class="vres_room_infoBg"></div>
  -   locator resolved to 35 elements. Proceeding with the first one: <div class="vres_room_infoBg"></div>
  -   locator resolved to 35 elements. Proceeding with the first one: <div class="vres_room_infoBg"></div>
  -   locator resolved to 35 elements. Proceeding with the first one: <div class="vres_room_infoBg"></div>

2026-06-04 22:58:11,456 [INFO] [Tarzana Inn] Attempt 2/3 ...
2026-06-04 22:58:51,692 [WARNING] [Tarzana Inn] Attempt 2 failed: Page.wait_for_selector: Timeout 30000ms exceeded.
Call log:
waiting for locator(".room-type-info, .roomtype-list, [class*='room'], .booking-room") to be visible
  -   locator resolved to 35 elements. Proceeding with the first one: <div class="vres_room_infoBg"></div>
  -   locator resolved to 35 elements. Proceeding with the first one: <div class="vres_room_infoBg"></div>
  -   locator resolved to 35 elements. Proceeding with the first one: <div class="vres_room_infoBg"></div>
  -   locator resolved to 35 elements. Proceeding with the first one: <div class="vres_room_infoBg"></div>
  -   locator resolved to 35 elements. Proceeding with the first one: <div class="vres_room_infoBg"></div>
  -   locator resolved to 35 elements. Proceeding with the first one: <div class="vres_room_infoBg"></div>
  -   locator resolved to 35 elements. Proceeding with the first one: <div class="vres_room_infoBg"></div>
  -   locator resolved to 35 elements. Proceeding with the first one: <div class="vres_room_infoBg"></div>
  -   locator resolved to 35 elements. Proceeding with the first one: <div class="vres_room_infoBg"></div>
  -   locator resolved to 35 elements. Proceeding with the first one: <div class="vres_room_infoBg"></div>
  -   locator resolved to 35 elements. Proceeding with the first one: <div class="vres_room_infoBg"></div>
  -   locator resolved to 35 elements. Proceeding with the first one: <div class="vres_room_infoBg"></div>
  -   locator resolved to 35 elements. Proceeding with the first one: <div class="vres_room_infoBg"></div>
  -   locator resolved to 35 elements. Proceeding with the first one: <div class="vres_room_infoBg"></div>
  -   locator resolved to 35 elements. Proceeding with the first one: <div class="vres_room_infoBg"></div>
  -   locator resolved to 35 elements. Proceeding with the first one: <div class="vres_room_infoBg"></div>
  -   locator resolved to 35 elements. Proceeding with the first one: <div class="vres_room_infoBg"></div>
  -   locator resolved to 35 elements. Proceeding with the first one: <div class="vres_room_infoBg"></div>
  -   locator resolved to 35 elements. Proceeding with the first one: <div class="vres_room_infoBg"></div>
  -   locator resolved to 35 elements. Proceeding with the first one: <div class="vres_room_infoBg"></div>
  -   locator resolved to 35 elements. Proceeding with the first one: <div class="vres_room_infoBg"></div>
  -   locator resolved to 35 elements. Proceeding with the first one: <div class="vres_room_infoBg"></div>
  -   locator resolved to 35 elements. Proceeding with the first one: <div class="vres_room_infoBg"></div>
  -   locator resolved to 35 elements. Proceeding with the first one: <div class="vres_room_infoBg"></div>
  -   locator resolved to 35 elements. Proceeding with the first one: <div class="vres_room_infoBg"></div>
  -   locator resolved to 35 elements. Proceeding with the first one: <div class="vres_room_infoBg"></div>
  -   locator resolved to 35 elements. Proceeding with the first one: <div class="vres_room_infoBg"></div>
  -   locator resolved to 35 elements. Proceeding with the first one: <div class="vres_room_infoBg"></div>
  -   locator resolved to 35 elements. Proceeding with the first one: <div class="vres_room_infoBg"></div>
  -   locator resolved to 35 elements. Proceeding with the first one: <div class="vres_room_infoBg"></div>
  -   locator resolved to 35 elements. Proceeding with the first one: <div class="vres_room_infoBg"></div>
  -   locator resolved to 35 elements. Proceeding with the first one: <div class="vres_room_infoBg"></div>
  -   locator resolved to 35 elements. Proceeding with the first one: <div class="vres_room_infoBg"></div>
  -   locator resolved to 35 elements. Proceeding with the first one: <div class="vres_room_infoBg"></div>
  -   locator resolved to 35 elements. Proceeding with the first one: <div class="vres_room_infoBg"></div>
  -   locator resolved to 35 elements. Proceeding with the first one: <div class="vres_room_infoBg"></div>
  -   locator resolved to 35 elements. Proceeding with the first one: <div class="vres_room_infoBg"></div>
  -   locator resolved to 35 elements. Proceeding with the first one: <div class="vres_room_infoBg"></div>
  -   locator resolved to 35 elements. Proceeding with the first one: <div class="vres_room_infoBg"></div>
  -   locator resolved to 35 elements. Proceeding with the first one: <div class="vres_room_infoBg"></div>
  -   locator resolved to 35 elements. Proceeding with the first one: <div class="vres_room_infoBg"></div>
  -   locator resolved to 35 elements. Proceeding with the first one: <div class="vres_room_infoBg"></div>
  -   locator resolved to 35 elements. Proceeding with the first one: <div class="vres_room_infoBg"></div>
  -   locator resolved to 35 elements. Proceeding with the first one: <div class="vres_room_infoBg"></div>
  -   locator resolved to 35 elements. Proceeding with the first one: <div class="vres_room_infoBg"></div>
  -   locator resolved to 35 elements. Proceeding with the first one: <div class="vres_room_infoBg"></div>
  -   locator resolved to 35 elements. Proceeding with the first one: <div class="vres_room_infoBg"></div>
  -   locator resolved to 35 elements. Proceeding with the first one: <div class="vres_room_infoBg"></div>
  -   locator resolved to 35 elements. Proceeding with the first one: <div class="vres_room_infoBg"></div>
  -   locator resolved to 35 elements. Proceeding with the first one: <div class="vres_room_infoBg"></div>
  -   locator resolved to 35 elements. Proceeding with the first one: <div class="vres_room_infoBg"></div>
  -   locator resolved to 35 elements. Proceeding with the first one: <div class="vres_room_infoBg"></div>
  -   locator resolved to 35 elements. Proceeding with the first one: <div class="vres_room_infoBg"></div>
  -   locator resolved to 35 elements. Proceeding with the first one: <div class="vres_room_infoBg"></div>
  -   locator resolved to 35 elements. Proceeding with the first one: <div class="vres_room_infoBg"></div>
  -   locator resolved to 35 elements. Proceeding with the first one: <div class="vres_room_infoBg"></div>
  -   locator resolved to 35 elements. Proceeding with the first one: <div class="vres_room_infoBg"></div>
  -   locator resolved to 35 elements. Proceeding with the first one: <div class="vres_room_infoBg"></div>
  -   locator resolved to 35 elements. Proceeding with the first one: <div class="vres_room_infoBg"></div>
  -   locator resolved to 35 elements. Proceeding with the first one: <div class="vres_room_infoBg"></div>
  -   locator resolved to 35 elements. Proceeding with the first one: <div class="vres_room_infoBg"></div>
  -   locator resolved to 35 elements. Proceeding with the first one: <div class="vres_room_infoBg"></div>
  -   locator resolved to 35 elements. Proceeding with the first one: <div class="vres_room_infoBg"></div>
  -   locator resolved to 35 elements. Proceeding with the first one: <div class="vres_room_infoBg"></div>

2026-06-04 22:59:21,722 [INFO] [Tarzana Inn] Attempt 3/3 ...
2026-06-04 23:00:00,238 [WARNING] [Tarzana Inn] Attempt 3 failed: Page.wait_for_selector: Timeout 30000ms exceeded.
Call log:
waiting for locator(".room-type-info, .roomtype-list, [class*='room'], .booking-room") to be visible
  -   locator resolved to 35 elements. Proceeding with the first one: <div class="vres_room_infoBg"></div>
  -   locator resolved to 35 elements. Proceeding with the first one: <div class="vres_room_infoBg"></div>
  -   locator resolved to 35 elements. Proceeding with the first one: <div class="vres_room_infoBg"></div>
  -   locator resolved to 35 elements. Proceeding with the first one: <div class="vres_room_infoBg"></div>
  -   locator resolved to 35 elements. Proceeding with the first one: <div class="vres_room_infoBg"></div>
  -   locator resolved to 35 elements. Proceeding with the first one: <div class="vres_room_infoBg"></div>
  -   locator resolved to 35 elements. Proceeding with the first one: <div class="vres_room_infoBg"></div>
  -   locator resolved to 35 elements. Proceeding with the first one: <div class="vres_room_infoBg"></div>
  -   locator resolved to 35 elements. Proceeding with the first one: <div class="vres_room_infoBg"></div>
  -   locator resolved to 35 elements. Proceeding with the first one: <div class="vres_room_infoBg"></div>
  -   locator resolved to 35 elements. Proceeding with the first one: <div class="vres_room_infoBg"></div>
  -   locator resolved to 35 elements. Proceeding with the first one: <div class="vres_room_infoBg"></div>
  -   locator resolved to 35 elements. Proceeding with the first one: <div class="vres_room_infoBg"></div>
  -   locator resolved to 35 elements. Proceeding with the first one: <div class="vres_room_infoBg"></div>
  -   locator resolved to 35 elements. Proceeding with the first one: <div class="vres_room_infoBg"></div>
  -   locator resolved to 35 elements. Proceeding with the first one: <div class="vres_room_infoBg"></div>
  -   locator resolved to 35 elements. Proceeding with the first one: <div class="vres_room_infoBg"></div>
  -   locator resolved to 35 elements. Proceeding with the first one: <div class="vres_room_infoBg"></div>
  -   locator resolved to 35 elements. Proceeding with the first one: <div class="vres_room_infoBg"></div>
  -   locator resolved to 35 elements. Proceeding with the first one: <div class="vres_room_infoBg"></div>
  -   locator resolved to 35 elements. Proceeding with the first one: <div class="vres_room_infoBg"></div>
  -   locator resolved to 35 elements. Proceeding with the first one: <div class="vres_room_infoBg"></div>
  -   locator resolved to 35 elements. Proceeding with the first one: <div class="vres_room_infoBg"></div>
  -   locator resolved to 35 elements. Proceeding with the first one: <div class="vres_room_infoBg"></div>
  -   locator resolved to 35 elements. Proceeding with the first one: <div class="vres_room_infoBg"></div>
  -   locator resolved to 35 elements. Proceeding with the first one: <div class="vres_room_infoBg"></div>
  -   locator resolved to 35 elements. Proceeding with the first one: <div class="vres_room_infoBg"></div>
  -   locator resolved to 35 elements. Proceeding with the first one: <div class="vres_room_infoBg"></div>
  -   locator resolved to 35 elements. Proceeding with the first one: <div class="vres_room_infoBg"></div>
  -   locator resolved to 35 elements. Proceeding with the first one: <div class="vres_room_infoBg"></div>
  -   locator resolved to 35 elements. Proceeding with the first one: <div class="vres_room_infoBg"></div>
  -   locator resolved to 35 elements. Proceeding with the first one: <div class="vres_room_infoBg"></div>
  -   locator resolved to 35 elements. Proceeding with the first one: <div class="vres_room_infoBg"></div>
  -   locator resolved to 35 elements. Proceeding with the first one: <div class="vres_room_infoBg"></div>
  -   locator resolved to 35 elements. Proceeding with the first one: <div class="vres_room_infoBg"></div>
  -   locator resolved to 35 elements. Proceeding with the first one: <div class="vres_room_infoBg"></div>
  -   locator resolved to 35 elements. Proceeding with the first one: <div class="vres_room_infoBg"></div>
  -   locator resolved to 35 elements. Proceeding with the first one: <div class="vres_room_infoBg"></div>
  -   locator resolved to 35 elements. Proceeding with the first one: <div class="vres_room_infoBg"></div>
  -   locator resolved to 35 elements. Proceeding with the first one: <div class="vres_room_infoBg"></div>
  -   locator resolved to 35 elements. Proceeding with the first one: <div class="vres_room_infoBg"></div>
  -   locator resolved to 35 elements. Proceeding with the first one: <div class="vres_room_infoBg"></div>
  -   locator resolved to 35 elements. Proceeding with the first one: <div class="vres_room_infoBg"></div>
  -   locator resolved to 35 elements. Proceeding with the first one: <div class="vres_room_infoBg"></div>
  -   locator resolved to 35 elements. Proceeding with the first one: <div class="vres_room_infoBg"></div>
  -   locator resolved to 35 elements. Proceeding with the first one: <div class="vres_room_infoBg"></div>
  -   locator resolved to 35 elements. Proceeding with the first one: <div class="vres_room_infoBg"></div>
  -   locator resolved to 35 elements. Proceeding with the first one: <div class="vres_room_infoBg"></div>
  -   locator resolved to 35 elements. Proceeding with the first one: <div class="vres_room_infoBg"></div>
  -   locator resolved to 35 elements. Proceeding with the first one: <div class="vres_room_infoBg"></div>
  -   locator resolved to 35 elements. Proceeding with the first one: <div class="vres_room_infoBg"></div>
  -   locator resolved to 35 elements. Proceeding with the first one: <div class="vres_room_infoBg"></div>
  -   locator resolved to 35 elements. Proceeding with the first one: <div class="vres_room_infoBg"></div>
  -   locator resolved to 35 elements. Proceeding with the first one: <div class="vres_room_infoBg"></div>
  -   locator resolved to 35 elements. Proceeding with the first one: <div class="vres_room_infoBg"></div>
  -   locator resolved to 35 elements. Proceeding with the first one: <div class="vres_room_infoBg"></div>
  -   locator resolved to 35 elements. Proceeding with the first one: <div class="vres_room_infoBg"></div>
  -   locator resolved to 35 elements. Proceeding with the first one: <div class="vres_room_infoBg"></div>
  -   locator resolved to 35 elements. Proceeding with the first one: <div class="vres_room_infoBg"></div>
  -   locator resolved to 35 elements. Proceeding with the first one: <div class="vres_room_infoBg"></div>
  -   locator resolved to 35 elements. Proceeding with the first one: <div class="vres_room_infoBg"></div>
  -   locator resolved to 35 elements. Proceeding with the first one: <div class="vres_room_infoBg"></div>
  -   locator resolved to 35 elements. Proceeding with the first one: <div class="vres_room_infoBg"></div>
  -   locator resolved to 35 elements. Proceeding with the first one: <div class="vres_room_infoBg"></div>

2026-06-04 23:00:00,238 [ERROR] [Tarzana Inn] All attempts exhausted.
2026-06-04 23:00:00,238 [ERROR] [Tarzana Inn] Scrape returned no data for manual run.
2026-06-04 23:00:14,429 [INFO] [Sea Air Inn] Attempt 1/3 ...
2026-06-04 23:00:53,985 [WARNING] [Sea Air Inn] Attempt 1 failed: Page.wait_for_selector: Timeout 30000ms exceeded.
Call log:
waiting for locator(".room-type-info, .roomtype-list, [class*='room'], .booking-room") to be visible
  -   locator resolved to 117 elements. Proceeding with the first one: <div class="vres_room_infoBg"></div>
  -   locator resolved to 117 elements. Proceeding with the first one: <div class="vres_room_infoBg"></div>
  -   locator resolved to 117 elements. Proceeding with the first one: <div class="vres_room_infoBg"></div>
  -   locator resolved to 117 elements. Proceeding with the first one: <div class="vres_room_infoBg"></div>
  -   locator resolved to 117 elements. Proceeding with the first one: <div class="vres_room_infoBg"></div>
  -   locator resolved to 117 elements. Proceeding with the first one: <div class="vres_room_infoBg"></div>
  -   locator resolved to 117 elements. Proceeding with the first one: <div class="vres_room_infoBg"></div>
  -   locator resolved to 117 elements. Proceeding with the first one: <div class="vres_room_infoBg"></div>
  -   locator resolved to 117 elements. Proceeding with the first one: <div class="vres_room_infoBg"></div>
  -   locator resolved to 117 elements. Proceeding with the first one: <div class="vres_room_infoBg"></div>
  -   locator resolved to 117 elements. Proceeding with the first one: <div class="vres_room_infoBg"></div>
  -   locator resolved to 117 elements. Proceeding with the first one: <div class="vres_room_infoBg"></div>
  -   locator resolved to 117 elements. Proceeding with the first one: <div class="vres_room_infoBg"></div>
  -   locator resolved to 117 elements. Proceeding with the first one: <div class="vres_room_infoBg"></div>
  -   locator resolved to 117 elements. Proceeding with the first one: <div class="vres_room_infoBg"></div>
  -   locator resolved to 117 elements. Proceeding with the first one: <div class="vres_room_infoBg"></div>
  -   locator resolved to 117 elements. Proceeding with the first one: <div class="vres_room_infoBg"></div>
  -   locator resolved to 117 elements. Proceeding with the first one: <div class="vres_room_infoBg"></div>
  -   locator resolved to 117 elements. Proceeding with the first one: <div class="vres_room_infoBg"></div>
  -   locator resolved to 117 elements. Proceeding with the first one: <div class="vres_room_infoBg"></div>
  -   locator resolved to 117 elements. Proceeding with the first one: <div class="vres_room_infoBg"></div>
  -   locator resolved to 117 elements. Proceeding with the first one: <div class="vres_room_infoBg"></div>
  -   locator resolved to 117 elements. Proceeding with the first one: <div class="vres_room_infoBg"></div>
  -   locator resolved to 117 elements. Proceeding with the first one: <div class="vres_room_infoBg"></div>
  -   locator resolved to 117 elements. Proceeding with the first one: <div class="vres_room_infoBg"></div>
  -   locator resolved to 117 elements. Proceeding with the first one: <div class="vres_room_infoBg"></div>
  -   locator resolved to 117 elements. Proceeding with the first one: <div class="vres_room_infoBg"></div>
  -   locator resolved to 117 elements. Proceeding with the first one: <div class="vres_room_infoBg"></div>
  -   locator resolved to 117 elements. Proceeding with the first one: <div class="vres_room_infoBg"></div>
  -   locator resolved to 117 elements. Proceeding with the first one: <div class="vres_room_infoBg"></div>
  -   locator resolved to 117 elements. Proceeding with the first one: <div class="vres_room_infoBg"></div>
  -   locator resolved to 117 elements. Proceeding with the first one: <div class="vres_room_infoBg"></div>
  -   locator resolved to 117 elements. Proceeding with the first one: <div class="vres_room_infoBg"></div>
  -   locator resolved to 117 elements. Proceeding with the first one: <div class="vres_room_infoBg"></div>
  -   locator resolved to 117 elements. Proceeding with the first one: <div class="vres_room_infoBg"></div>
  -   locator resolved to 117 elements. Proceeding with the first one: <div class="vres_room_infoBg"></div>
  -   locator resolved to 117 elements. Proceeding with the first one: <div class="vres_room_infoBg"></div>
  -   locator resolved to 117 elements. Proceeding with the first one: <div class="vres_room_infoBg"></div>
  -   locator resolved to 117 elements. Proceeding with the first one: <div class="vres_room_infoBg"></div>
  -   locator resolved to 117 elements. Proceeding with the first one: <div class="vres_room_infoBg"></div>
  -   locator resolved to 117 elements. Proceeding with the first one: <div class="vres_room_infoBg"></div>
  -   locator resolved to 117 elements. Proceeding with the first one: <div class="vres_room_infoBg"></div>
  -   locator resolved to 117 elements. Proceeding with the first one: <div class="vres_room_infoBg"></div>
  -   locator resolved to 117 elements. Proceeding with the first one: <div class="vres_room_infoBg"></div>
  -   locator resolved to 117 elements. Proceeding with the first one: <div class="vres_room_infoBg"></div>
  -   locator resolved to 117 elements. Proceeding with the first one: <div class="vres_room_infoBg"></div>
  -   locator resolved to 117 elements. Proceeding with the first one: <div class="vres_room_infoBg"></div>
  -   locator resolved to 117 elements. Proceeding with the first one: <div class="vres_room_infoBg"></div>
  -   locator resolved to 117 elements. Proceeding with the first one: <div class="vres_room_infoBg"></div>
  -   locator resolved to 117 elements. Proceeding with the first one: <div class="vres_room_infoBg"></div>
  -   locator resolved to 117 elements. Proceeding with the first one: <div class="vres_room_infoBg"></div>
  -   locator resolved to 117 elements. Proceeding with the first one: <div class="vres_room_infoBg"></div>
  -   locator resolved to 117 elements. Proceeding with the first one: <div class="vres_room_infoBg"></div>
  -   locator resolved to 117 elements. Proceeding with the first one: <div class="vres_room_infoBg"></div>
  -   locator resolved to 117 elements. Proceeding with the first one: <div class="vres_room_infoBg"></div>
  -   locator resolved to 117 elements. Proceeding with the first one: <div class="vres_room_infoBg"></div>
  -   locator resolved to 117 elements. Proceeding with the first one: <div class="vres_room_infoBg"></div>
  -   locator resolved to 117 elements. Proceeding with the first one: <div class="vres_room_infoBg"></div>
  -   locator resolved to 117 elements. Proceeding with the first one: <div class="vres_room_infoBg"></div>
  -   locator resolved to 117 elements. Proceeding with the first one: <div class="vres_room_infoBg"></div>
  -   locator resolved to 117 elements. Proceeding with the first one: <div class="vres_room_infoBg"></div>
  -   locator resolved to 117 elements. Proceeding with the first one: <div class="vres_room_infoBg"></div>
  -   locator resolved to 117 elements. Proceeding with the first one: <div class="vres_room_infoBg"></div>
  -   locator resolved to 117 elements. Proceeding with the first one: <div class="vres_room_infoBg"></div>

2026-06-04 23:01:09,000 [INFO] [Sea Air Inn] Attempt 2/3 ...
2026-06-04 23:01:48,601 [WARNING] [Sea Air Inn] Attempt 2 failed: Page.wait_for_selector: Timeout 30000ms exceeded.
Call log:
waiting for locator(".room-type-info, .roomtype-list, [class*='room'], .booking-room") to be visible
  -   locator resolved to 117 elements. Proceeding with the first one: <div class="vres_room_infoBg"></div>
  -   locator resolved to 117 elements. Proceeding with the first one: <div class="vres_room_infoBg"></div>
  -   locator resolved to 117 elements. Proceeding with the first one: <div class="vres_room_infoBg"></div>
  -   locator resolved to 117 elements. Proceeding with the first one: <div class="vres_room_infoBg"></div>
  -   locator resolved to 117 elements. Proceeding with the first one: <div class="vres_room_infoBg"></div>
  -   locator resolved to 117 elements. Proceeding with the first one: <div class="vres_room_infoBg"></div>
  -   locator resolved to 117 elements. Proceeding with the first one: <div class="vres_room_infoBg"></div>
  -   locator resolved to 117 elements. Proceeding with the first one: <div class="vres_room_infoBg"></div>
  -   locator resolved to 117 elements. Proceeding with the first one: <div class="vres_room_infoBg"></div>
  -   locator resolved to 117 elements. Proceeding with the first one: <div class="vres_room_infoBg"></div>
  -   locator resolved to 117 elements. Proceeding with the first one: <div class="vres_room_infoBg"></div>
  -   locator resolved to 117 elements. Proceeding with the first one: <div class="vres_room_infoBg"></div>
  -   locator resolved to 117 elements. Proceeding with the first one: <div class="vres_room_infoBg"></div>
  -   locator resolved to 117 elements. Proceeding with the first one: <div class="vres_room_infoBg"></div>
  -   locator resolved to 117 elements. Proceeding with the first one: <div class="vres_room_infoBg"></div>
  -   locator resolved to 117 elements. Proceeding with the first one: <div class="vres_room_infoBg"></div>
  -   locator resolved to 117 elements. Proceeding with the first one: <div class="vres_room_infoBg"></div>
  -   locator resolved to 117 elements. Proceeding with the first one: <div class="vres_room_infoBg"></div>
  -   locator resolved to 117 elements. Proceeding with the first one: <div class="vres_room_infoBg"></div>
  -   locator resolved to 117 elements. Proceeding with the first one: <div class="vres_room_infoBg"></div>
  -   locator resolved to 117 elements. Proceeding with the first one: <div class="vres_room_infoBg"></div>
  -   locator resolved to 117 elements. Proceeding with the first one: <div class="vres_room_infoBg"></div>
  -   locator resolved to 117 elements. Proceeding with the first one: <div class="vres_room_infoBg"></div>
  -   locator resolved to 117 elements. Proceeding with the first one: <div class="vres_room_infoBg"></div>
  -   locator resolved to 117 elements. Proceeding with the first one: <div class="vres_room_infoBg"></div>
  -   locator resolved to 117 elements. Proceeding with the first one: <div class="vres_room_infoBg"></div>
  -   locator resolved to 117 elements. Proceeding with the first one: <div class="vres_room_infoBg"></div>
  -   locator resolved to 117 elements. Proceeding with the first one: <div class="vres_room_infoBg"></div>
  -   locator resolved to 117 elements. Proceeding with the first one: <div class="vres_room_infoBg"></div>
  -   locator resolved to 117 elements. Proceeding with the first one: <div class="vres_room_infoBg"></div>
  -   locator resolved to 117 elements. Proceeding with the first one: <div class="vres_room_infoBg"></div>
  -   locator resolved to 117 elements. Proceeding with the first one: <div class="vres_room_infoBg"></div>
  -   locator resolved to 117 elements. Proceeding with the first one: <div class="vres_room_infoBg"></div>
  -   locator resolved to 117 elements. Proceeding with the first one: <div class="vres_room_infoBg"></div>
  -   locator resolved to 117 elements. Proceeding with the first one: <div class="vres_room_infoBg"></div>
  -   locator resolved to 117 elements. Proceeding with the first one: <div class="vres_room_infoBg"></div>
  -   locator resolved to 117 elements. Proceeding with the first one: <div class="vres_room_infoBg"></div>
  -   locator resolved to 117 elements. Proceeding with the first one: <div class="vres_room_infoBg"></div>
  -   locator resolved to 117 elements. Proceeding with the first one: <div class="vres_room_infoBg"></div>
  -   locator resolved to 117 elements. Proceeding with the first one: <div class="vres_room_infoBg"></div>
  -   locator resolved to 117 elements. Proceeding with the first one: <div class="vres_room_infoBg"></div>
  -   locator resolved to 117 elements. Proceeding with the first one: <div class="vres_room_infoBg"></div>
  -   locator resolved to 117 elements. Proceeding with the first one: <div class="vres_room_infoBg"></div>
  -   locator resolved to 117 elements. Proceeding with the first one: <div class="vres_room_infoBg"></div>
  -   locator resolved to 117 elements. Proceeding with the first one: <div class="vres_room_infoBg"></div>
  -   locator resolved to 117 elements. Proceeding with the first one: <div class="vres_room_infoBg"></div>
  -   locator resolved to 117 elements. Proceeding with the first one: <div class="vres_room_infoBg"></div>
  -   locator resolved to 117 elements. Proceeding with the first one: <div class="vres_room_infoBg"></div>
  -   locator resolved to 117 elements. Proceeding with the first one: <div class="vres_room_infoBg"></div>
  -   locator resolved to 117 elements. Proceeding with the first one: <div class="vres_room_infoBg"></div>
  -   locator resolved to 117 elements. Proceeding with the first one: <div class="vres_room_infoBg"></div>
  -   locator resolved to 117 elements. Proceeding with the first one: <div class="vres_room_infoBg"></div>
  -   locator resolved to 117 elements. Proceeding with the first one: <div class="vres_room_infoBg"></div>
  -   locator resolved to 117 elements. Proceeding with the first one: <div class="vres_room_infoBg"></div>
  -   locator resolved to 117 elements. Proceeding with the first one: <div class="vres_room_infoBg"></div>
  -   locator resolved to 117 elements. Proceeding with the first one: <div class="vres_room_infoBg"></div>
  -   locator resolved to 117 elements. Proceeding with the first one: <div class="vres_room_infoBg"></div>
  -   locator resolved to 117 elements. Proceeding with the first one: <div class="vres_room_infoBg"></div>
  -   locator resolved to 117 elements. Proceeding with the first one: <div class="vres_room_infoBg"></div>
  -   locator resolved to 117 elements. Proceeding with the first one: <div class="vres_room_infoBg"></div>
  -   locator resolved to 117 elements. Proceeding with the first one: <div class="vres_room_infoBg"></div>
  -   locator resolved to 117 elements. Proceeding with the first one: <div class="vres_room_infoBg"></div>
  -   locator resolved to 117 elements. Proceeding with the first one: <div class="vres_room_infoBg"></div>
  -   locator resolved to 117 elements. Proceeding with the first one: <div class="vres_room_infoBg"></div>

2026-06-04 23:02:18,624 [INFO] [Sea Air Inn] Attempt 3/3 ...
2026-06-04 23:02:59,420 [WARNING] [Sea Air Inn] Attempt 3 failed: Page.wait_for_selector: Timeout 30000ms exceeded.
Call log:
waiting for locator(".room-type-info, .roomtype-list, [class*='room'], .booking-room") to be visible
  -   locator resolved to 117 elements. Proceeding with the first one: <div class="vres_room_infoBg"></div>
  -   locator resolved to 117 elements. Proceeding with the first one: <div class="vres_room_infoBg"></div>
  -   locator resolved to 117 elements. Proceeding with the first one: <div class="vres_room_infoBg"></div>
  -   locator resolved to 117 elements. Proceeding with the first one: <div class="vres_room_infoBg"></div>
  -   locator resolved to 117 elements. Proceeding with the first one: <div class="vres_room_infoBg"></div>
  -   locator resolved to 117 elements. Proceeding with the first one: <div class="vres_room_infoBg"></div>
  -   locator resolved to 117 elements. Proceeding with the first one: <div class="vres_room_infoBg"></div>
  -   locator resolved to 117 elements. Proceeding with the first one: <div class="vres_room_infoBg"></div>
  -   locator resolved to 117 elements. Proceeding with the first one: <div class="vres_room_infoBg"></div>
  -   locator resolved to 117 elements. Proceeding with the first one: <div class="vres_room_infoBg"></div>
  -   locator resolved to 117 elements. Proceeding with the first one: <div class="vres_room_infoBg"></div>
  -   locator resolved to 117 elements. Proceeding with the first one: <div class="vres_room_infoBg"></div>
  -   locator resolved to 117 elements. Proceeding with the first one: <div class="vres_room_infoBg"></div>
  -   locator resolved to 117 elements. Proceeding with the first one: <div class="vres_room_infoBg"></div>
  -   locator resolved to 117 elements. Proceeding with the first one: <div class="vres_room_infoBg"></div>
  -   locator resolved to 117 elements. Proceeding with the first one: <div class="vres_room_infoBg"></div>
  -   locator resolved to 117 elements. Proceeding with the first one: <div class="vres_room_infoBg"></div>
  -   locator resolved to 117 elements. Proceeding with the first one: <div class="vres_room_infoBg"></div>
  -   locator resolved to 117 elements. Proceeding with the first one: <div class="vres_room_infoBg"></div>
  -   locator resolved to 117 elements. Proceeding with the first one: <div class="vres_room_infoBg"></div>
  -   locator resolved to 117 elements. Proceeding with the first one: <div class="vres_room_infoBg"></div>
  -   locator resolved to 117 elements. Proceeding with the first one: <div class="vres_room_infoBg"></div>
  -   locator resolved to 117 elements. Proceeding with the first one: <div class="vres_room_infoBg"></div>
  -   locator resolved to 117 elements. Proceeding with the first one: <div class="vres_room_infoBg"></div>
  -   locator resolved to 117 elements. Proceeding with the first one: <div class="vres_room_infoBg"></div>
  -   locator resolved to 117 elements. Proceeding with the first one: <div class="vres_room_infoBg"></div>
  -   locator resolved to 117 elements. Proceeding with the first one: <div class="vres_room_infoBg"></div>
  -   locator resolved to 117 elements. Proceeding with the first one: <div class="vres_room_infoBg"></div>
  -   locator resolved to 117 elements. Proceeding with the first one: <div class="vres_room_infoBg"></div>
  -   locator resolved to 117 elements. Proceeding with the first one: <div class="vres_room_infoBg"></div>
  -   locator resolved to 117 elements. Proceeding with the first one: <div class="vres_room_infoBg"></div>
  -   locator resolved to 117 elements. Proceeding with the first one: <div class="vres_room_infoBg"></div>
  -   locator resolved to 117 elements. Proceeding with the first one: <div class="vres_room_infoBg"></div>
  -   locator resolved to 117 elements. Proceeding with the first one: <div class="vres_room_infoBg"></div>
  -   locator resolved to 117 elements. Proceeding with the first one: <div class="vres_room_infoBg"></div>
  -   locator resolved to 117 elements. Proceeding with the first one: <div class="vres_room_infoBg"></div>
  -   locator resolved to 117 elements. Proceeding with the first one: <div class="vres_room_infoBg"></div>
  -   locator resolved to 117 elements. Proceeding with the first one: <div class="vres_room_infoBg"></div>
  -   locator resolved to 117 elements. Proceeding with the first one: <div class="vres_room_infoBg"></div>
  -   locator resolved to 117 elements. Proceeding with the first one: <div class="vres_room_infoBg"></div>
  -   locator resolved to 117 elements. Proceeding with the first one: <div class="vres_room_infoBg"></div>
  -   locator resolved to 117 elements. Proceeding with the first one: <div class="vres_room_infoBg"></div>
  -   locator resolved to 117 elements. Proceeding with the first one: <div class="vres_room_infoBg"></div>
  -   locator resolved to 117 elements. Proceeding with the first one: <div class="vres_room_infoBg"></div>
  -   locator resolved to 117 elements. Proceeding with the first one: <div class="vres_room_infoBg"></div>
  -   locator resolved to 117 elements. Proceeding with the first one: <div class="vres_room_infoBg"></div>
  -   locator resolved to 117 elements. Proceeding with the first one: <div class="vres_room_infoBg"></div>
  -   locator resolved to 117 elements. Proceeding with the first one: <div class="vres_room_infoBg"></div>
  -   locator resolved to 117 elements. Proceeding with the first one: <div class="vres_room_infoBg"></div>
  -   locator resolved to 117 elements. Proceeding with the first one: <div class="vres_room_infoBg"></div>
  -   locator resolved to 117 elements. Proceeding with the first one: <div class="vres_room_infoBg"></div>
  -   locator resolved to 117 elements. Proceeding with the first one: <div class="vres_room_infoBg"></div>
  -   locator resolved to 117 elements. Proceeding with the first one: <div class="vres_room_infoBg"></div>
  -   locator resolved to 117 elements. Proceeding with the first one: <div class="vres_room_infoBg"></div>
  -   locator resolved to 117 elements. Proceeding with the first one: <div class="vres_room_infoBg"></div>
  -   locator resolved to 117 elements. Proceeding with the first one: <div class="vres_room_infoBg"></div>
  -   locator resolved to 117 elements. Proceeding with the first one: <div class="vres_room_infoBg"></div>
  -   locator resolved to 117 elements. Proceeding with the first one: <div class="vres_room_infoBg"></div>
  -   locator resolved to 117 elements. Proceeding with the first one: <div class="vres_room_infoBg"></div>
  -   locator resolved to 117 elements. Proceeding with the first one: <div class="vres_room_infoBg"></div>
  -   locator resolved to 117 elements. Proceeding with the first one: <div class="vres_room_infoBg"></div>
  -   locator resolved to 117 elements. Proceeding with the first one: <div class="vres_room_infoBg"></div>
  -   locator resolved to 117 elements. Proceeding with the first one: <div class="vres_room_infoBg"></div>
  -   locator resolved to 117 elements. Proceeding with the first one: <div class="vres_room_infoBg"></div>

2026-06-04 23:02:59,421 [ERROR] [Sea Air Inn] All attempts exhausted.
2026-06-04 23:02:59,421 [ERROR] [Sea Air Inn] Scrape returned no data for manual run.
2026-06-04 23:03:08,655 [INFO] [Blufftop Inn] Attempt 1/3 ...
2026-06-04 23:03:48,895 [WARNING] [Blufftop Inn] Attempt 1 failed: Page.wait_for_selector: Timeout 30000ms exceeded.
Call log:
waiting for locator(".room-type-info, .roomtype-list, [class*='room'], .booking-room") to be visible
  -   locator resolved to 84 elements. Proceeding with the first one: <div class="vres_room_infoBg"></div>
  -   locator resolved to 84 elements. Proceeding with the first one: <div class="vres_room_infoBg"></div>
  -   locator resolved to 84 elements. Proceeding with the first one: <div class="vres_room_infoBg"></div>
  -   locator resolved to 84 elements. Proceeding with the first one: <div class="vres_room_infoBg"></div>
  -   locator resolved to 84 elements. Proceeding with the first one: <div class="vres_room_infoBg"></div>
  -   locator resolved to 84 elements. Proceeding with the first one: <div class="vres_room_infoBg"></div>
  -   locator resolved to 84 elements. Proceeding with the first one: <div class="vres_room_infoBg"></div>
  -   locator resolved to 84 elements. Proceeding with the first one: <div class="vres_room_infoBg"></div>
  -   locator resolved to 84 elements. Proceeding with the first one: <div class="vres_room_infoBg"></div>
  -   locator resolved to 84 elements. Proceeding with the first one: <div class="vres_room_infoBg"></div>
  -   locator resolved to 84 elements. Proceeding with the first one: <div class="vres_room_infoBg"></div>
  -   locator resolved to 84 elements. Proceeding with the first one: <div class="vres_room_infoBg"></div>
  -   locator resolved to 84 elements. Proceeding with the first one: <div class="vres_room_infoBg"></div>
  -   locator resolved to 84 elements. Proceeding with the first one: <div class="vres_room_infoBg"></div>
  -   locator resolved to 84 elements. Proceeding with the first one: <div class="vres_room_infoBg"></div>
  -   locator resolved to 84 elements. Proceeding with the first one: <div class="vres_room_infoBg"></div>
  -   locator resolved to 84 elements. Proceeding with the first one: <div class="vres_room_infoBg"></div>
  -   locator resolved to 84 elements. Proceeding with the first one: <div class="vres_room_infoBg"></div>
  -   locator resolved to 84 elements. Proceeding with the first one: <div class="vres_room_infoBg"></div>
  -   locator resolved to 84 elements. Proceeding with the first one: <div class="vres_room_infoBg"></div>
  -   locator resolved to 84 elements. Proceeding with the first one: <div class="vres_room_infoBg"></div>
  -   locator resolved to 84 elements. Proceeding with the first one: <div class="vres_room_infoBg"></div>
  -   locator resolved to 84 elements. Proceeding with the first one: <div class="vres_room_infoBg"></div>
  -   locator resolved to 84 elements. Proceeding with the first one: <div class="vres_room_infoBg"></div>
  -   locator resolved to 84 elements. Proceeding with the first one: <div class="vres_room_infoBg"></div>
  -   locator resolved to 84 elements. Proceeding with the first one: <div class="vres_room_infoBg"></div>
  -   locator resolved to 84 elements. Proceeding with the first one: <div class="vres_room_infoBg"></div>
  -   locator resolved to 84 elements. Proceeding with the first one: <div class="vres_room_infoBg"></div>
  -   locator resolved to 84 elements. Proceeding with the first one: <div class="vres_room_infoBg"></div>
  -   locator resolved to 84 elements. Proceeding with the first one: <div class="vres_room_infoBg"></div>
  -   locator resolved to 84 elements. Proceeding with the first one: <div class="vres_room_infoBg"></div>
  -   locator resolved to 84 elements. Proceeding with the first one: <div class="vres_room_infoBg"></div>
  -   locator resolved to 84 elements. Proceeding with the first one: <div class="vres_room_infoBg"></div>
  -   locator resolved to 84 elements. Proceeding with the first one: <div class="vres_room_infoBg"></div>
  -   locator resolved to 84 elements. Proceeding with the first one: <div class="vres_room_infoBg"></div>
  -   locator resolved to 84 elements. Proceeding with the first one: <div class="vres_room_infoBg"></div>
  -   locator resolved to 84 elements. Proceeding with the first one: <div class="vres_room_infoBg"></div>
  -   locator resolved to 84 elements. Proceeding with the first one: <div class="vres_room_infoBg"></div>
  -   locator resolved to 84 elements. Proceeding with the first one: <div class="vres_room_infoBg"></div>
  -   locator resolved to 84 elements. Proceeding with the first one: <div class="vres_room_infoBg"></div>
  -   locator resolved to 84 elements. Proceeding with the first one: <div class="vres_room_infoBg"></div>
  -   locator resolved to 84 elements. Proceeding with the first one: <div class="vres_room_infoBg"></div>
  -   locator resolved to 84 elements. Proceeding with the first one: <div class="vres_room_infoBg"></div>
  -   locator resolved to 84 elements. Proceeding with the first one: <div class="vres_room_infoBg"></div>
  -   locator resolved to 84 elements. Proceeding with the first one: <div class="vres_room_infoBg"></div>
  -   locator resolved to 84 elements. Proceeding with the first one: <div class="vres_room_infoBg"></div>
  -   locator resolved to 84 elements. Proceeding with the first one: <div class="vres_room_infoBg"></div>
  -   locator resolved to 84 elements. Proceeding with the first one: <div class="vres_room_infoBg"></div>
  -   locator resolved to 84 elements. Proceeding with the first one: <div class="vres_room_infoBg"></div>
  -   locator resolved to 84 elements. Proceeding with the first one: <div class="vres_room_infoBg"></div>
  -   locator resolved to 84 elements. Proceeding with the first one: <div class="vres_room_infoBg"></div>
  -   locator resolved to 84 elements. Proceeding with the first one: <div class="vres_room_infoBg"></div>
  -   locator resolved to 84 elements. Proceeding with the first one: <div class="vres_room_infoBg"></div>
  -   locator resolved to 84 elements. Proceeding with the first one: <div class="vres_room_infoBg"></div>
  -   locator resolved to 84 elements. Proceeding with the first one: <div class="vres_room_infoBg"></div>
  -   locator resolved to 84 elements. Proceeding with the first one: <div class="vres_room_infoBg"></div>
  -   locator resolved to 84 elements. Proceeding with the first one: <div class="vres_room_infoBg"></div>
  -   locator resolved to 84 elements. Proceeding with the first one: <div class="vres_room_infoBg"></div>
  -   locator resolved to 84 elements. Proceeding with the first one: <div class="vres_room_infoBg"></div>
  -   locator resolved to 84 elements. Proceeding with the first one: <div class="vres_room_infoBg"></div>
  -   locator resolved to 84 elements. Proceeding with the first one: <div class="vres_room_infoBg"></div>
  -   locator resolved to 84 elements. Proceeding with the first one: <div class="vres_room_infoBg"></div>
  -   locator resolved to 84 elements. Proceeding with the first one: <div class="vres_room_infoBg"></div>
  -   locator resolved to 84 elements. Proceeding with the first one: <div class="vres_room_infoBg"></div>

2026-06-04 23:04:03,904 [INFO] [Blufftop Inn] Attempt 2/3 ...
2026-06-04 23:04:43,254 [WARNING] [Blufftop Inn] Attempt 2 failed: Page.wait_for_selector: Timeout 30000ms exceeded.
Call log:
waiting for locator(".room-type-info, .roomtype-list, [class*='room'], .booking-room") to be visible
  -   locator resolved to 84 elements. Proceeding with the first one: <div class="vres_room_infoBg"></div>
  -   locator resolved to 84 elements. Proceeding with the first one: <div class="vres_room_infoBg"></div>
  -   locator resolved to 84 elements. Proceeding with the first one: <div class="vres_room_infoBg"></div>
  -   locator resolved to 84 elements. Proceeding with the first one: <div class="vres_room_infoBg"></div>
  -   locator resolved to 84 elements. Proceeding with the first one: <div class="vres_room_infoBg"></div>
  -   locator resolved to 84 elements. Proceeding with the first one: <div class="vres_room_infoBg"></div>
  -   locator resolved to 84 elements. Proceeding with the first one: <div class="vres_room_infoBg"></div>
  -   locator resolved to 84 elements. Proceeding with the first one: <div class="vres_room_infoBg"></div>
  -   locator resolved to 84 elements. Proceeding with the first one: <div class="vres_room_infoBg"></div>
  -   locator resolved to 84 elements. Proceeding with the first one: <div class="vres_room_infoBg"></div>
  -   locator resolved to 84 elements. Proceeding with the first one: <div class="vres_room_infoBg"></div>
  -   locator resolved to 84 elements. Proceeding with the first one: <div class="vres_room_infoBg"></div>
  -   locator resolved to 84 elements. Proceeding with the first one: <div class="vres_room_infoBg"></div>
  -   locator resolved to 84 elements. Proceeding with the first one: <div class="vres_room_infoBg"></div>
  -   locator resolved to 84 elements. Proceeding with the first one: <div class="vres_room_infoBg"></div>
  -   locator resolved to 84 elements. Proceeding with the first one: <div class="vres_room_infoBg"></div>
  -   locator resolved to 84 elements. Proceeding with the first one: <div class="vres_room_infoBg"></div>
  -   locator resolved to 84 elements. Proceeding with the first one: <div class="vres_room_infoBg"></div>
  -   locator resolved to 84 elements. Proceeding with the first one: <div class="vres_room_infoBg"></div>
  -   locator resolved to 84 elements. Proceeding with the first one: <div class="vres_room_infoBg"></div>
  -   locator resolved to 84 elements. Proceeding with the first one: <div class="vres_room_infoBg"></div>
  -   locator resolved to 84 elements. Proceeding with the first one: <div class="vres_room_infoBg"></div>
  -   locator resolved to 84 elements. Proceeding with the first one: <div class="vres_room_infoBg"></div>
  -   locator resolved to 84 elements. Proceeding with the first one: <div class="vres_room_infoBg"></div>
  -   locator resolved to 84 elements. Proceeding with the first one: <div class="vres_room_infoBg"></div>
  -   locator resolved to 84 elements. Proceeding with the first one: <div class="vres_room_infoBg"></div>
  -   locator resolved to 84 elements. Proceeding with the first one: <div class="vres_room_infoBg"></div>
  -   locator resolved to 84 elements. Proceeding with the first one: <div class="vres_room_infoBg"></div>
  -   locator resolved to 84 elements. Proceeding with the first one: <div class="vres_room_infoBg"></div>
  -   locator resolved to 84 elements. Proceeding with the first one: <div class="vres_room_infoBg"></div>
  -   locator resolved to 84 elements. Proceeding with the first one: <div class="vres_room_infoBg"></div>
  -   locator resolved to 84 elements. Proceeding with the first one: <div class="vres_room_infoBg"></div>
  -   locator resolved to 84 elements. Proceeding with the first one: <div class="vres_room_infoBg"></div>
  -   locator resolved to 84 elements. Proceeding with the first one: <div class="vres_room_infoBg"></div>
  -   locator resolved to 84 elements. Proceeding with the first one: <div class="vres_room_infoBg"></div>
  -   locator resolved to 84 elements. Proceeding with the first one: <div class="vres_room_infoBg"></div>
  -   locator resolved to 84 elements. Proceeding with the first one: <div class="vres_room_infoBg"></div>
  -   locator resolved to 84 elements. Proceeding with the first one: <div class="vres_room_infoBg"></div>
  -   locator resolved to 84 elements. Proceeding with the first one: <div class="vres_room_infoBg"></div>
  -   locator resolved to 84 elements. Proceeding with the first one: <div class="vres_room_infoBg"></div>
  -   locator resolved to 84 elements. Proceeding with the first one: <div class="vres_room_infoBg"></div>
  -   locator resolved to 84 elements. Proceeding with the first one: <div class="vres_room_infoBg"></div>
  -   locator resolved to 84 elements. Proceeding with the first one: <div class="vres_room_infoBg"></div>
  -   locator resolved to 84 elements. Proceeding with the first one: <div class="vres_room_infoBg"></div>
  -   locator resolved to 84 elements. Proceeding with the first one: <div class="vres_room_infoBg"></div>
  -   locator resolved to 84 elements. Proceeding with the first one: <div class="vres_room_infoBg"></div>
  -   locator resolved to 84 elements. Proceeding with the first one: <div class="vres_room_infoBg"></div>
  -   locator resolved to 84 elements. Proceeding with the first one: <div class="vres_room_infoBg"></div>
  -   locator resolved to 84 elements. Proceeding with the first one: <div class="vres_room_infoBg"></div>
  -   locator resolved to 84 elements. Proceeding with the first one: <div class="vres_room_infoBg"></div>
  -   locator resolved to 84 elements. Proceeding with the first one: <div class="vres_room_infoBg"></div>
  -   locator resolved to 84 elements. Proceeding with the first one: <div class="vres_room_infoBg"></div>
  -   locator resolved to 84 elements. Proceeding with the first one: <div class="vres_room_infoBg"></div>
  -   locator resolved to 84 elements. Proceeding with the first one: <div class="vres_room_infoBg"></div>
  -   locator resolved to 84 elements. Proceeding with the first one: <div class="vres_room_infoBg"></div>
  -   locator resolved to 84 elements. Proceeding with the first one: <div class="vres_room_infoBg"></div>
  -   locator resolved to 84 elements. Proceeding with the first one: <div class="vres_room_infoBg"></div>
  -   locator resolved to 84 elements. Proceeding with the first one: <div class="vres_room_infoBg"></div>
  -   locator resolved to 84 elements. Proceeding with the first one: <div class="vres_room_infoBg"></div>
  -   locator resolved to 84 elements. Proceeding with the first one: <div class="vres_room_infoBg"></div>
  -   locator resolved to 84 elements. Proceeding with the first one: <div class="vres_room_infoBg"></div>
  -   locator resolved to 84 elements. Proceeding with the first one: <div class="vres_room_infoBg"></div>
  -   locator resolved to 84 elements. Proceeding with the first one: <div class="vres_room_infoBg"></div>
  -   locator resolved to 84 elements. Proceeding with the first one: <div class="vres_room_infoBg"></div>

2026-06-04 23:05:13,284 [INFO] [Blufftop Inn] Attempt 3/3 ...
2026-06-04 23:05:52,455 [WARNING] [Blufftop Inn] Attempt 3 failed: Page.wait_for_selector: Timeout 30000ms exceeded.
Call log:
waiting for locator(".room-type-info, .roomtype-list, [class*='room'], .booking-room") to be visible
  -   locator resolved to 84 elements. Proceeding with the first one: <div class="vres_room_infoBg"></div>
  -   locator resolved to 84 elements. Proceeding with the first one: <div class="vres_room_infoBg"></div>
  -   locator resolved to 84 elements. Proceeding with the first one: <div class="vres_room_infoBg"></div>
  -   locator resolved to 84 elements. Proceeding with the first one: <div class="vres_room_infoBg"></div>
  -   locator resolved to 84 elements. Proceeding with the first one: <div class="vres_room_infoBg"></div>
  -   locator resolved to 84 elements. Proceeding with the first one: <div class="vres_room_infoBg"></div>
  -   locator resolved to 84 elements. Proceeding with the first one: <div class="vres_room_infoBg"></div>
  -   locator resolved to 84 elements. Proceeding with the first one: <div class="vres_room_infoBg"></div>
  -   locator resolved to 84 elements. Proceeding with the first one: <div class="vres_room_infoBg"></div>
  -   locator resolved to 84 elements. Proceeding with the first one: <div class="vres_room_infoBg"></div>
  -   locator resolved to 84 elements. Proceeding with the first one: <div class="vres_room_infoBg"></div>
  -   locator resolved to 84 elements. Proceeding with the first one: <div class="vres_room_infoBg"></div>
  -   locator resolved to 84 elements. Proceeding with the first one: <div class="vres_room_infoBg"></div>
  -   locator resolved to 84 elements. Proceeding with the first one: <div class="vres_room_infoBg"></div>
  -   locator resolved to 84 elements. Proceeding with the first one: <div class="vres_room_infoBg"></div>
  -   locator resolved to 84 elements. Proceeding with the first one: <div class="vres_room_infoBg"></div>
  -   locator resolved to 84 elements. Proceeding with the first one: <div class="vres_room_infoBg"></div>
  -   locator resolved to 84 elements. Proceeding with the first one: <div class="vres_room_infoBg"></div>
  -   locator resolved to 84 elements. Proceeding with the first one: <div class="vres_room_infoBg"></div>
  -   locator resolved to 84 elements. Proceeding with the first one: <div class="vres_room_infoBg"></div>
  -   locator resolved to 84 elements. Proceeding with the first one: <div class="vres_room_infoBg"></div>
  -   locator resolved to 84 elements. Proceeding with the first one: <div class="vres_room_infoBg"></div>
  -   locator resolved to 84 elements. Proceeding with the first one: <div class="vres_room_infoBg"></div>
  -   locator resolved to 84 elements. Proceeding with the first one: <div class="vres_room_infoBg"></div>
  -   locator resolved to 84 elements. Proceeding with the first one: <div class="vres_room_infoBg"></div>
  -   locator resolved to 84 elements. Proceeding with the first one: <div class="vres_room_infoBg"></div>
  -   locator resolved to 84 elements. Proceeding with the first one: <div class="vres_room_infoBg"></div>
  -   locator resolved to 84 elements. Proceeding with the first one: <div class="vres_room_infoBg"></div>
  -   locator resolved to 84 elements. Proceeding with the first one: <div class="vres_room_infoBg"></div>
  -   locator resolved to 84 elements. Proceeding with the first one: <div class="vres_room_infoBg"></div>
  -   locator resolved to 84 elements. Proceeding with the first one: <div class="vres_room_infoBg"></div>
  -   locator resolved to 84 elements. Proceeding with the first one: <div class="vres_room_infoBg"></div>
  -   locator resolved to 84 elements. Proceeding with the first one: <div class="vres_room_infoBg"></div>
  -   locator resolved to 84 elements. Proceeding with the first one: <div class="vres_room_infoBg"></div>
  -   locator resolved to 84 elements. Proceeding with the first one: <div class="vres_room_infoBg"></div>
  -   locator resolved to 84 elements. Proceeding with the first one: <div class="vres_room_infoBg"></div>
  -   locator resolved to 84 elements. Proceeding with the first one: <div class="vres_room_infoBg"></div>
  -   locator resolved to 84 elements. Proceeding with the first one: <div class="vres_room_infoBg"></div>
  -   locator resolved to 84 elements. Proceeding with the first one: <div class="vres_room_infoBg"></div>
  -   locator resolved to 84 elements. Proceeding with the first one: <div class="vres_room_infoBg"></div>
  -   locator resolved to 84 elements. Proceeding with the first one: <div class="vres_room_infoBg"></div>
  -   locator resolved to 84 elements. Proceeding with the first one: <div class="vres_room_infoBg"></div>
  -   locator resolved to 84 elements. Proceeding with the first one: <div class="vres_room_infoBg"></div>
  -   locator resolved to 84 elements. Proceeding with the first one: <div class="vres_room_infoBg"></div>
  -   locator resolved to 84 elements. Proceeding with the first one: <div class="vres_room_infoBg"></div>
  -   locator resolved to 84 elements. Proceeding with the first one: <div class="vres_room_infoBg"></div>
  -   locator resolved to 84 elements. Proceeding with the first one: <div class="vres_room_infoBg"></div>
  -   locator resolved to 84 elements. Proceeding with the first one: <div class="vres_room_infoBg"></div>
  -   locator resolved to 84 elements. Proceeding with the first one: <div class="vres_room_infoBg"></div>
  -   locator resolved to 84 elements. Proceeding with the first one: <div class="vres_room_infoBg"></div>
  -   locator resolved to 84 elements. Proceeding with the first one: <div class="vres_room_infoBg"></div>
  -   locator resolved to 84 elements. Proceeding with the first one: <div class="vres_room_infoBg"></div>
  -   locator resolved to 84 elements. Proceeding with the first one: <div class="vres_room_infoBg"></div>
  -   locator resolved to 84 elements. Proceeding with the first one: <div class="vres_room_infoBg"></div>
  -   locator resolved to 84 elements. Proceeding with the first one: <div class="vres_room_infoBg"></div>
  -   locator resolved to 84 elements. Proceeding with the first one: <div class="vres_room_infoBg"></div>
  -   locator resolved to 84 elements. Proceeding with the first one: <div class="vres_room_infoBg"></div>
  -   locator resolved to 84 elements. Proceeding with the first one: <div class="vres_room_infoBg"></div>
  -   locator resolved to 84 elements. Proceeding with the first one: <div class="vres_room_infoBg"></div>
  -   locator resolved to 84 elements. Proceeding with the first one: <div class="vres_room_infoBg"></div>
  -   locator resolved to 84 elements. Proceeding with the first one: <div class="vres_room_infoBg"></div>
  -   locator resolved to 84 elements. Proceeding with the first one: <div class="vres_room_infoBg"></div>
  -   locator resolved to 84 elements. Proceeding with the first one: <div class="vres_room_infoBg"></div>
  -   locator resolved to 84 elements. Proceeding with the first one: <div class="vres_room_infoBg"></div>

2026-06-04 23:05:52,455 [ERROR] [Blufftop Inn] All attempts exhausted.
2026-06-04 23:05:52,455 [ERROR] [Blufftop Inn] Scrape returned no data for manual run.
2026-06-04 23:05:52,455 [INFO] === Scrape run [manual] complete ===
