2026-06-05 18:08:55,783 [INFO] Created default config.json
2026-06-05 18:08:55,784 [INFO] === Scrape run [manual] for 2026-06-05 ===
2026-06-05 18:09:01,690 [INFO] [Tarzana Inn] Attempt 1/3
2026-06-05 18:09:02,087 [INFO] [Tarzana Inn] Navigating to https://live.ipms247.com/booking/book-rooms-tarzanainn
2026-06-05 18:09:04,475 [INFO] [Tarzana Inn] Page landing check-in date: '06/05/2026'
2026-06-05 18:09:04,475 [INFO] [Tarzana Inn] Waiting for any room pricing element to paint...
2026-06-05 18:09:04,499 [INFO] [Tarzana Inn] Room content confirmed ready.
2026-06-05 18:09:04,535 [INFO] [Tarzana Inn] Using dollar-sign fallback block split
2026-06-05 18:09:04,540 [INFO] [Tarzana Inn] Parsed 0 room type(s): []
2026-06-05 18:09:04,540 [WARNING] [Tarzana Inn] No rooms parsed. HTML snapshot snippet:
id="resheader" class="GetToken">
<!-- loading bar - start -->			
<div class="vres-prog-wrap" style="display: none;">
<div class="vres-prog-div">
<div>
	<h3>Finding the best rates takes a while <br>
		<small>Please wait...</small>
	</h3>
	<div id="squaresWaveG">
		<div id="squaresWaveG_1" class="squaresWaveG"></div>
		<div id="squaresWaveG_2" class="squaresWaveG"></div>
		<div id="squaresWaveG_3" class="squaresWaveG"></div>
		<div id="squaresWaveG_4" class="squaresWaveG"></div>
		<div id="squares
2026-06-05 18:09:04,592 [INFO] [Tarzana Inn] Attempt 2/3
2026-06-05 18:09:04,951 [INFO] [Tarzana Inn] Navigating to https://live.ipms247.com/booking/book-rooms-tarzanainn
2026-06-05 18:09:07,088 [INFO] [Tarzana Inn] Page landing check-in date: '06/05/2026'
2026-06-05 18:09:07,088 [INFO] [Tarzana Inn] Waiting for any room pricing element to paint...
2026-06-05 18:09:07,114 [INFO] [Tarzana Inn] Room content confirmed ready.
2026-06-05 18:09:07,145 [INFO] [Tarzana Inn] Using dollar-sign fallback block split
2026-06-05 18:09:07,149 [INFO] [Tarzana Inn] Parsed 0 room type(s): []
2026-06-05 18:09:07,150 [WARNING] [Tarzana Inn] No rooms parsed. HTML snapshot snippet:
id="resheader" class="GetToken">
<!-- loading bar - start -->			
<div class="vres-prog-wrap" style="display: none;">
<div class="vres-prog-div">
<div>
	<h3>Finding the best rates takes a while <br>
		<small>Please wait...</small>
	</h3>
	<div id="squaresWaveG">
		<div id="squaresWaveG_1" class="squaresWaveG"></div>
		<div id="squaresWaveG_2" class="squaresWaveG"></div>
		<div id="squaresWaveG_3" class="squaresWaveG"></div>
		<div id="squaresWaveG_4" class="squaresWaveG"></div>
		<div id="squares
2026-06-05 18:09:07,228 [INFO] [Tarzana Inn] Attempt 3/3
2026-06-05 18:09:07,678 [INFO] [Tarzana Inn] Navigating to https://live.ipms247.com/booking/book-rooms-tarzanainn
2026-06-05 18:09:10,000 [INFO] [Tarzana Inn] Page landing check-in date: '06/05/2026'
2026-06-05 18:09:10,000 [INFO] [Tarzana Inn] Waiting for any room pricing element to paint...
2026-06-05 18:09:10,022 [INFO] [Tarzana Inn] Room content confirmed ready.
2026-06-05 18:09:10,059 [INFO] [Tarzana Inn] Using dollar-sign fallback block split
2026-06-05 18:09:10,064 [INFO] [Tarzana Inn] Parsed 0 room type(s): []
2026-06-05 18:09:10,064 [WARNING] [Tarzana Inn] No rooms parsed. HTML snapshot snippet:
id="resheader" class="GetToken">
<!-- loading bar - start -->			
<div class="vres-prog-wrap" style="display: none;">
<div class="vres-prog-div">
<div>
	<h3>Finding the best rates takes a while <br>
		<small>Please wait...</small>
	</h3>
	<div id="squaresWaveG">
		<div id="squaresWaveG_1" class="squaresWaveG"></div>
		<div id="squaresWaveG_2" class="squaresWaveG"></div>
		<div id="squaresWaveG_3" class="squaresWaveG"></div>
		<div id="squaresWaveG_4" class="squaresWaveG"></div>
		<div id="squares
2026-06-05 18:09:10,117 [ERROR] [Tarzana Inn] All attempts exhausted.
2026-06-05 18:09:10,117 [ERROR] [Tarzana Inn] No data returned for [manual].
2026-06-05 18:09:15,762 [INFO] [Sea Air Inn] Attempt 1/3
2026-06-05 18:09:16,106 [INFO] [Sea Air Inn] Navigating to https://live.ipms247.com/booking/book-rooms-seaairinn
2026-06-05 18:09:18,786 [INFO] [Sea Air Inn] Page landing check-in date: '06/05/2026'
2026-06-05 18:09:18,787 [INFO] [Sea Air Inn] Waiting for any room pricing element to paint...
2026-06-05 18:09:18,815 [INFO] [Sea Air Inn] Room content confirmed ready.
2026-06-05 18:09:18,858 [INFO] [Sea Air Inn] Using dollar-sign fallback block split
2026-06-05 18:09:18,864 [INFO] [Sea Air Inn] Parsed 0 room type(s): []
2026-06-05 18:09:18,864 [WARNING] [Sea Air Inn] No rooms parsed. HTML snapshot snippet:
id="resheader" class="GetToken">
<!-- loading bar - start -->			
<div class="vres-prog-wrap" style="display: none;">
<div class="vres-prog-div">
<div>
	<h3>Finding the best rates takes a while <br>
		<small>Please wait...</small>
	</h3>
	<div id="squaresWaveG">
		<div id="squaresWaveG_1" class="squaresWaveG"></div>
		<div id="squaresWaveG_2" class="squaresWaveG"></div>
		<div id="squaresWaveG_3" class="squaresWaveG"></div>
		<div id="squaresWaveG_4" class="squaresWaveG"></div>
		<div id="squares
2026-06-05 18:09:18,911 [INFO] [Sea Air Inn] Attempt 2/3
2026-06-05 18:09:19,244 [INFO] [Sea Air Inn] Navigating to https://live.ipms247.com/booking/book-rooms-seaairinn
2026-06-05 18:09:21,831 [INFO] [Sea Air Inn] Page landing check-in date: '06/05/2026'
2026-06-05 18:09:21,831 [INFO] [Sea Air Inn] Waiting for any room pricing element to paint...
2026-06-05 18:09:21,858 [INFO] [Sea Air Inn] Room content confirmed ready.
2026-06-05 18:09:21,900 [INFO] [Sea Air Inn] Using dollar-sign fallback block split
2026-06-05 18:09:21,906 [INFO] [Sea Air Inn] Parsed 0 room type(s): []
2026-06-05 18:09:21,906 [WARNING] [Sea Air Inn] No rooms parsed. HTML snapshot snippet:
id="resheader" class="GetToken">
<!-- loading bar - start -->			
<div class="vres-prog-wrap" style="display: none;">
<div class="vres-prog-div">
<div>
	<h3>Finding the best rates takes a while <br>
		<small>Please wait...</small>
	</h3>
	<div id="squaresWaveG">
		<div id="squaresWaveG_1" class="squaresWaveG"></div>
		<div id="squaresWaveG_2" class="squaresWaveG"></div>
		<div id="squaresWaveG_3" class="squaresWaveG"></div>
		<div id="squaresWaveG_4" class="squaresWaveG"></div>
		<div id="squares
2026-06-05 18:09:21,949 [INFO] [Sea Air Inn] Attempt 3/3
2026-06-05 18:09:22,285 [INFO] [Sea Air Inn] Navigating to https://live.ipms247.com/booking/book-rooms-seaairinn
2026-06-05 18:09:24,817 [INFO] [Sea Air Inn] Page landing check-in date: '06/05/2026'
2026-06-05 18:09:24,818 [INFO] [Sea Air Inn] Waiting for any room pricing element to paint...
2026-06-05 18:09:24,843 [INFO] [Sea Air Inn] Room content confirmed ready.
2026-06-05 18:09:24,885 [INFO] [Sea Air Inn] Using dollar-sign fallback block split
2026-06-05 18:09:24,892 [INFO] [Sea Air Inn] Parsed 0 room type(s): []
2026-06-05 18:09:24,892 [WARNING] [Sea Air Inn] No rooms parsed. HTML snapshot snippet:
id="resheader" class="GetToken">
<!-- loading bar - start -->			
<div class="vres-prog-wrap" style="display: none;">
<div class="vres-prog-div">
<div>
	<h3>Finding the best rates takes a while <br>
		<small>Please wait...</small>
	</h3>
	<div id="squaresWaveG">
		<div id="squaresWaveG_1" class="squaresWaveG"></div>
		<div id="squaresWaveG_2" class="squaresWaveG"></div>
		<div id="squaresWaveG_3" class="squaresWaveG"></div>
		<div id="squaresWaveG_4" class="squaresWaveG"></div>
		<div id="squares
2026-06-05 18:09:24,937 [ERROR] [Sea Air Inn] All attempts exhausted.
2026-06-05 18:09:24,937 [ERROR] [Sea Air Inn] No data returned for [manual].
2026-06-05 18:09:29,683 [INFO] [Blufftop Inn] Attempt 1/3
2026-06-05 18:09:30,021 [INFO] [Blufftop Inn] Navigating to https://book.ipms247.com/booking/book-rooms-blufftopinnsuiteswharfrestaurantdistrict
2026-06-05 18:09:32,473 [INFO] [Blufftop Inn] Page landing check-in date: '06/05/2026'
2026-06-05 18:09:32,473 [INFO] [Blufftop Inn] Waiting for any room pricing element to paint...
2026-06-05 18:09:32,493 [INFO] [Blufftop Inn] Room content confirmed ready.
2026-06-05 18:09:32,527 [INFO] [Blufftop Inn] Using dollar-sign fallback block split
2026-06-05 18:09:32,532 [INFO] [Blufftop Inn] Parsed 0 room type(s): []
2026-06-05 18:09:32,532 [WARNING] [Blufftop Inn] No rooms parsed. HTML snapshot snippet:
id="resheader" class="GetToken">
<!-- loading bar - start -->			
<div class="vres-prog-wrap" style="display: none;">
<div class="vres-prog-div">
<div>
	<h3>Finding the best rates takes a while <br>
		<small>Please wait...</small>
	</h3>
	<div id="squaresWaveG">
		<div id="squaresWaveG_1" class="squaresWaveG"></div>
		<div id="squaresWaveG_2" class="squaresWaveG"></div>
		<div id="squaresWaveG_3" class="squaresWaveG"></div>
		<div id="squaresWaveG_4" class="squaresWaveG"></div>
		<div id="squares
2026-06-05 18:09:32,575 [INFO] [Blufftop Inn] Attempt 2/3
2026-06-05 18:09:32,908 [INFO] [Blufftop Inn] Navigating to https://book.ipms247.com/booking/book-rooms-blufftopinnsuiteswharfrestaurantdistrict
2026-06-05 18:09:35,380 [INFO] [Blufftop Inn] Page landing check-in date: '06/05/2026'
2026-06-05 18:09:35,380 [INFO] [Blufftop Inn] Waiting for any room pricing element to paint...
2026-06-05 18:09:35,400 [INFO] [Blufftop Inn] Room content confirmed ready.
2026-06-05 18:09:35,435 [INFO] [Blufftop Inn] Using dollar-sign fallback block split
2026-06-05 18:09:35,441 [INFO] [Blufftop Inn] Parsed 0 room type(s): []
2026-06-05 18:09:35,441 [WARNING] [Blufftop Inn] No rooms parsed. HTML snapshot snippet:
id="resheader" class="GetToken">
<!-- loading bar - start -->			
<div class="vres-prog-wrap" style="display: none;">
<div class="vres-prog-div">
<div>
	<h3>Finding the best rates takes a while <br>
		<small>Please wait...</small>
	</h3>
	<div id="squaresWaveG">
		<div id="squaresWaveG_1" class="squaresWaveG"></div>
		<div id="squaresWaveG_2" class="squaresWaveG"></div>
		<div id="squaresWaveG_3" class="squaresWaveG"></div>
		<div id="squaresWaveG_4" class="squaresWaveG"></div>
		<div id="squares
2026-06-05 18:09:35,485 [INFO] [Blufftop Inn] Attempt 3/3
2026-06-05 18:09:35,811 [INFO] [Blufftop Inn] Navigating to https://book.ipms247.com/booking/book-rooms-blufftopinnsuiteswharfrestaurantdistrict
2026-06-05 18:09:38,190 [INFO] [Blufftop Inn] Page landing check-in date: '06/05/2026'
2026-06-05 18:09:38,190 [INFO] [Blufftop Inn] Waiting for any room pricing element to paint...
2026-06-05 18:09:38,213 [INFO] [Blufftop Inn] Room content confirmed ready.
2026-06-05 18:09:38,262 [INFO] [Blufftop Inn] Using dollar-sign fallback block split
2026-06-05 18:09:38,268 [INFO] [Blufftop Inn] Parsed 0 room type(s): []
2026-06-05 18:09:38,268 [WARNING] [Blufftop Inn] No rooms parsed. HTML snapshot snippet:
id="resheader" class="GetToken">
<!-- loading bar - start -->			
<div class="vres-prog-wrap" style="display: none;">
<div class="vres-prog-div">
<div>
	<h3>Finding the best rates takes a while <br>
		<small>Please wait...</small>
	</h3>
	<div id="squaresWaveG">
		<div id="squaresWaveG_1" class="squaresWaveG"></div>
		<div id="squaresWaveG_2" class="squaresWaveG"></div>
		<div id="squaresWaveG_3" class="squaresWaveG"></div>
		<div id="squaresWaveG_4" class="squaresWaveG"></div>
		<div id="squares
2026-06-05 18:09:38,307 [ERROR] [Blufftop Inn] All attempts exhausted.
2026-06-05 18:09:38,307 [ERROR] [Blufftop Inn] No data returned for [manual].
2026-06-05 18:09:38,307 [INFO] === Run [manual] complete ===
2026-06-05 18:09:38,308 [INFO] GitHub Actions environment detected. Syncing changes to repository...
2026-06-05 18:09:38,317 [ERROR] Failed to push changes to GitHub: Command '['git', 'commit', '-m', 'chore: data snapshot update [manual] 2026-06-05']' returned non-zero exit status 1.
2026-06-05 18:13:13,801 [INFO] Created default config.json
2026-06-05 18:13:13,801 [INFO] === Scrape run [manual] for 2026-06-05 ===
2026-06-05 18:13:19,626 [INFO] [Tarzana Inn] Attempt 1/3
2026-06-05 18:13:20,021 [INFO] [Tarzana Inn] Navigating to https://live.ipms247.com/booking/book-rooms-tarzanainn
2026-06-05 18:13:20,678 [INFO] [Tarzana Inn] Waiting for any room pricing element to paint...
2026-06-05 18:13:26,724 [INFO] [Tarzana Inn] Using dollar-sign fallback block split
2026-06-05 18:13:26,730 [INFO] [Tarzana Inn] Parsed 0 room type(s): []
2026-06-05 18:13:26,730 [WARNING] [Tarzana Inn] No rooms parsed. HTML snapshot snippet:
id="resheader" class="GetToken">
<!-- loading bar - start -->			
<div class="vres-prog-wrap" style="display: none;">
<div class="vres-prog-div">
<div>
	<h3>Finding the best rates takes a while <br>
		<small>Please wait...</small>
	</h3>
	<div id="squaresWaveG">
		<div id="squaresWaveG_1" class="squaresWaveG"></div>
		<div id="squaresWaveG_2" class="squaresWaveG"></div>
		<div id="squaresWaveG_3" class="squaresWaveG"></div>
		<div id="squaresWaveG_4" class="squaresWaveG"></div>
		<div id="squares
2026-06-05 18:13:26,775 [INFO] [Tarzana Inn] Attempt 2/3
2026-06-05 18:13:27,131 [INFO] [Tarzana Inn] Navigating to https://live.ipms247.com/booking/book-rooms-tarzanainn
2026-06-05 18:13:27,560 [INFO] [Tarzana Inn] Waiting for any room pricing element to paint...
2026-06-05 18:13:33,801 [INFO] [Tarzana Inn] Using dollar-sign fallback block split
2026-06-05 18:13:33,806 [INFO] [Tarzana Inn] Parsed 0 room type(s): []
2026-06-05 18:13:33,806 [WARNING] [Tarzana Inn] No rooms parsed. HTML snapshot snippet:
id="resheader" class="GetToken">
<!-- loading bar - start -->			
<div class="vres-prog-wrap" style="display: none;">
<div class="vres-prog-div">
<div>
	<h3>Finding the best rates takes a while <br>
		<small>Please wait...</small>
	</h3>
	<div id="squaresWaveG">
		<div id="squaresWaveG_1" class="squaresWaveG"></div>
		<div id="squaresWaveG_2" class="squaresWaveG"></div>
		<div id="squaresWaveG_3" class="squaresWaveG"></div>
		<div id="squaresWaveG_4" class="squaresWaveG"></div>
		<div id="squares
2026-06-05 18:13:33,850 [INFO] [Tarzana Inn] Attempt 3/3
2026-06-05 18:13:34,174 [INFO] [Tarzana Inn] Navigating to https://live.ipms247.com/booking/book-rooms-tarzanainn
2026-06-05 18:13:34,620 [INFO] [Tarzana Inn] Waiting for any room pricing element to paint...
2026-06-05 18:13:40,808 [INFO] [Tarzana Inn] Using dollar-sign fallback block split
2026-06-05 18:13:40,813 [INFO] [Tarzana Inn] Parsed 0 room type(s): []
2026-06-05 18:13:40,813 [WARNING] [Tarzana Inn] No rooms parsed. HTML snapshot snippet:
id="resheader" class="GetToken">
<!-- loading bar - start -->			
<div class="vres-prog-wrap" style="display: none;">
<div class="vres-prog-div">
<div>
	<h3>Finding the best rates takes a while <br>
		<small>Please wait...</small>
	</h3>
	<div id="squaresWaveG">
		<div id="squaresWaveG_1" class="squaresWaveG"></div>
		<div id="squaresWaveG_2" class="squaresWaveG"></div>
		<div id="squaresWaveG_3" class="squaresWaveG"></div>
		<div id="squaresWaveG_4" class="squaresWaveG"></div>
		<div id="squares
2026-06-05 18:13:40,857 [ERROR] [Tarzana Inn] All attempts exhausted.
2026-06-05 18:13:40,857 [ERROR] [Tarzana Inn] No data returned for [manual].
2026-06-05 18:13:48,285 [INFO] [Sea Air Inn] Attempt 1/3
2026-06-05 18:13:48,621 [INFO] [Sea Air Inn] Navigating to https://live.ipms247.com/booking/book-rooms-seaairinn
2026-06-05 18:13:49,115 [INFO] [Sea Air Inn] Waiting for any room pricing element to paint...
2026-06-05 18:13:55,428 [INFO] [Sea Air Inn] Using dollar-sign fallback block split
2026-06-05 18:13:55,435 [INFO] [Sea Air Inn] Parsed 0 room type(s): []
2026-06-05 18:13:55,435 [WARNING] [Sea Air Inn] No rooms parsed. HTML snapshot snippet:
id="resheader" class="GetToken">
<!-- loading bar - start -->			
<div class="vres-prog-wrap" style="display: none;">
<div class="vres-prog-div">
<div>
	<h3>Finding the best rates takes a while <br>
		<small>Please wait...</small>
	</h3>
	<div id="squaresWaveG">
		<div id="squaresWaveG_1" class="squaresWaveG"></div>
		<div id="squaresWaveG_2" class="squaresWaveG"></div>
		<div id="squaresWaveG_3" class="squaresWaveG"></div>
		<div id="squaresWaveG_4" class="squaresWaveG"></div>
		<div id="squares
2026-06-05 18:13:55,475 [INFO] [Sea Air Inn] Attempt 2/3
2026-06-05 18:13:55,800 [INFO] [Sea Air Inn] Navigating to https://live.ipms247.com/booking/book-rooms-seaairinn
2026-06-05 18:13:56,358 [INFO] [Sea Air Inn] Waiting for any room pricing element to paint...
2026-06-05 18:14:02,610 [INFO] [Sea Air Inn] Using dollar-sign fallback block split
2026-06-05 18:14:02,617 [INFO] [Sea Air Inn] Parsed 0 room type(s): []
2026-06-05 18:14:02,617 [WARNING] [Sea Air Inn] No rooms parsed. HTML snapshot snippet:
id="resheader" class="GetToken">
<!-- loading bar - start -->			
<div class="vres-prog-wrap" style="display: none;">
<div class="vres-prog-div">
<div>
	<h3>Finding the best rates takes a while <br>
		<small>Please wait...</small>
	</h3>
	<div id="squaresWaveG">
		<div id="squaresWaveG_1" class="squaresWaveG"></div>
		<div id="squaresWaveG_2" class="squaresWaveG"></div>
		<div id="squaresWaveG_3" class="squaresWaveG"></div>
		<div id="squaresWaveG_4" class="squaresWaveG"></div>
		<div id="squares
2026-06-05 18:14:02,659 [INFO] [Sea Air Inn] Attempt 3/3
2026-06-05 18:14:02,990 [INFO] [Sea Air Inn] Navigating to https://live.ipms247.com/booking/book-rooms-seaairinn
2026-06-05 18:14:03,608 [INFO] [Sea Air Inn] Waiting for any room pricing element to paint...
2026-06-05 18:14:09,992 [INFO] [Sea Air Inn] Using dollar-sign fallback block split
2026-06-05 18:14:10,000 [INFO] [Sea Air Inn] Parsed 0 room type(s): []
2026-06-05 18:14:10,000 [WARNING] [Sea Air Inn] No rooms parsed. HTML snapshot snippet:
id="resheader" class="GetToken">
<!-- loading bar - start -->			
<div class="vres-prog-wrap" style="display: none;">
<div class="vres-prog-div">
<div>
	<h3>Finding the best rates takes a while <br>
		<small>Please wait...</small>
	</h3>
	<div id="squaresWaveG">
		<div id="squaresWaveG_1" class="squaresWaveG"></div>
		<div id="squaresWaveG_2" class="squaresWaveG"></div>
		<div id="squaresWaveG_3" class="squaresWaveG"></div>
		<div id="squaresWaveG_4" class="squaresWaveG"></div>
		<div id="squares
2026-06-05 18:14:10,043 [ERROR] [Sea Air Inn] All attempts exhausted.
2026-06-05 18:14:10,043 [ERROR] [Sea Air Inn] No data returned for [manual].
2026-06-05 18:14:15,530 [INFO] [Blufftop Inn] Attempt 1/3
2026-06-05 18:14:15,861 [INFO] [Blufftop Inn] Navigating to https://book.ipms247.com/booking/book-rooms-blufftopinnsuiteswharfrestaurantdistrict
2026-06-05 18:14:16,311 [INFO] [Blufftop Inn] Waiting for any room pricing element to paint...
2026-06-05 18:14:22,524 [INFO] [Blufftop Inn] Using dollar-sign fallback block split
2026-06-05 18:14:22,530 [INFO] [Blufftop Inn] Parsed 0 room type(s): []
2026-06-05 18:14:22,530 [WARNING] [Blufftop Inn] No rooms parsed. HTML snapshot snippet:
id="resheader" class="GetToken">
<!-- loading bar - start -->			
<div class="vres-prog-wrap" style="display: none;">
<div class="vres-prog-div">
<div>
	<h3>Finding the best rates takes a while <br>
		<small>Please wait...</small>
	</h3>
	<div id="squaresWaveG">
		<div id="squaresWaveG_1" class="squaresWaveG"></div>
		<div id="squaresWaveG_2" class="squaresWaveG"></div>
		<div id="squaresWaveG_3" class="squaresWaveG"></div>
		<div id="squaresWaveG_4" class="squaresWaveG"></div>
		<div id="squares
2026-06-05 18:14:22,568 [INFO] [Blufftop Inn] Attempt 2/3
2026-06-05 18:14:22,898 [INFO] [Blufftop Inn] Navigating to https://book.ipms247.com/booking/book-rooms-blufftopinnsuiteswharfrestaurantdistrict
2026-06-05 18:14:23,398 [INFO] [Blufftop Inn] Waiting for any room pricing element to paint...
2026-06-05 18:14:29,653 [INFO] [Blufftop Inn] Using dollar-sign fallback block split
2026-06-05 18:14:29,659 [INFO] [Blufftop Inn] Parsed 0 room type(s): []
2026-06-05 18:14:29,659 [WARNING] [Blufftop Inn] No rooms parsed. HTML snapshot snippet:
id="resheader" class="GetToken">
<!-- loading bar - start -->			
<div class="vres-prog-wrap" style="display: none;">
<div class="vres-prog-div">
<div>
	<h3>Finding the best rates takes a while <br>
		<small>Please wait...</small>
	</h3>
	<div id="squaresWaveG">
		<div id="squaresWaveG_1" class="squaresWaveG"></div>
		<div id="squaresWaveG_2" class="squaresWaveG"></div>
		<div id="squaresWaveG_3" class="squaresWaveG"></div>
		<div id="squaresWaveG_4" class="squaresWaveG"></div>
		<div id="squares
2026-06-05 18:14:29,697 [INFO] [Blufftop Inn] Attempt 3/3
2026-06-05 18:14:30,026 [INFO] [Blufftop Inn] Navigating to https://book.ipms247.com/booking/book-rooms-blufftopinnsuiteswharfrestaurantdistrict
2026-06-05 18:14:30,607 [INFO] [Blufftop Inn] Waiting for any room pricing element to paint...
2026-06-05 18:14:36,714 [INFO] [Blufftop Inn] Using dollar-sign fallback block split
2026-06-05 18:14:36,719 [INFO] [Blufftop Inn] Parsed 0 room type(s): []
2026-06-05 18:14:36,720 [WARNING] [Blufftop Inn] No rooms parsed. HTML snapshot snippet:
id="resheader" class="GetToken">
<!-- loading bar - start -->			
<div class="vres-prog-wrap" style="display: none;">
<div class="vres-prog-div">
<div>
	<h3>Finding the best rates takes a while <br>
		<small>Please wait...</small>
	</h3>
	<div id="squaresWaveG">
		<div id="squaresWaveG_1" class="squaresWaveG"></div>
		<div id="squaresWaveG_2" class="squaresWaveG"></div>
		<div id="squaresWaveG_3" class="squaresWaveG"></div>
		<div id="squaresWaveG_4" class="squaresWaveG"></div>
		<div id="squares
2026-06-05 18:14:36,758 [ERROR] [Blufftop Inn] All attempts exhausted.
2026-06-05 18:14:36,758 [ERROR] [Blufftop Inn] No data returned for [manual].
2026-06-05 18:14:36,758 [INFO] === Run [manual] complete ===
2026-06-05 18:14:36,758 [INFO] GitHub Actions environment detected. Syncing changes to repository...
2026-06-05 18:14:36,769 [ERROR] Failed to push changes to GitHub: Command '['git', 'commit', '-m', 'chore: data snapshot update [manual] 2026-06-05']' returned non-zero exit status 1.
2026-06-05 18:16:10,281 [INFO] Created default config.json
2026-06-05 18:16:10,281 [INFO] === Scrape run [manual] for 2026-06-05 ===
2026-06-05 18:16:16,370 [INFO] [Tarzana Inn] Attempt 1/3
2026-06-05 18:16:16,763 [INFO] [Tarzana Inn] Navigating to https://live.ipms247.com/booking/book-rooms-tarzanainn
2026-06-05 18:16:19,075 [INFO] [Tarzana Inn] Page landing check-in date: '06/05/2026'
2026-06-05 18:16:19,076 [INFO] [Tarzana Inn] Waiting for room records to hydrate inside DOM...
2026-06-05 18:16:19,095 [INFO] [Tarzana Inn] Active room data detected in DOM after 0s.
2026-06-05 18:16:21,121 [INFO] [Tarzana Inn] Using dollar-sign fallback block split
2026-06-05 18:16:21,125 [INFO] [Tarzana Inn] Parsed 0 room type(s): []
2026-06-05 18:16:21,125 [WARNING] [Tarzana Inn] No rooms parsed. HTML snapshot snippet:
id="resheader" class="GetToken">
<!-- loading bar - start -->			
<div class="vres-prog-wrap" style="display: none;">
<div class="vres-prog-div">
<div>
	<h3>Finding the best rates takes a while <br>
		<small>Please wait...</small>
	</h3>
	<div id="squaresWaveG">
		<div id="squaresWaveG_1" class="squaresWaveG"></div>
		<div id="squaresWaveG_2" class="squaresWaveG"></div>
		<div id="squaresWaveG_3" class="squaresWaveG"></div>
		<div id="squaresWaveG_4" class="squaresWaveG"></div>
		<div id="squares
2026-06-05 18:16:41,194 [INFO] [Tarzana Inn] Attempt 2/3
2026-06-05 18:16:41,536 [INFO] [Tarzana Inn] Navigating to https://live.ipms247.com/booking/book-rooms-tarzanainn
2026-06-05 18:16:43,776 [INFO] [Tarzana Inn] Page landing check-in date: '06/05/2026'
2026-06-05 18:16:43,777 [INFO] [Tarzana Inn] Waiting for room records to hydrate inside DOM...
2026-06-05 18:16:43,792 [INFO] [Tarzana Inn] Active room data detected in DOM after 0s.
2026-06-05 18:16:45,818 [INFO] [Tarzana Inn] Using dollar-sign fallback block split
2026-06-05 18:16:45,823 [INFO] [Tarzana Inn] Parsed 0 room type(s): []
2026-06-05 18:16:45,823 [WARNING] [Tarzana Inn] No rooms parsed. HTML snapshot snippet:
id="resheader" class="GetToken">
<!-- loading bar - start -->			
<div class="vres-prog-wrap" style="display: none;">
<div class="vres-prog-div">
<div>
	<h3>Finding the best rates takes a while <br>
		<small>Please wait...</small>
	</h3>
	<div id="squaresWaveG">
		<div id="squaresWaveG_1" class="squaresWaveG"></div>
		<div id="squaresWaveG_2" class="squaresWaveG"></div>
		<div id="squaresWaveG_3" class="squaresWaveG"></div>
		<div id="squaresWaveG_4" class="squaresWaveG"></div>
		<div id="squares
2026-06-05 18:17:05,901 [INFO] [Tarzana Inn] Attempt 3/3
2026-06-05 18:17:06,238 [INFO] [Tarzana Inn] Navigating to https://live.ipms247.com/booking/book-rooms-tarzanainn
2026-06-05 18:17:08,158 [INFO] [Tarzana Inn] Page landing check-in date: '06/05/2026'
2026-06-05 18:17:08,159 [INFO] [Tarzana Inn] Waiting for room records to hydrate inside DOM...
2026-06-05 18:17:08,173 [INFO] [Tarzana Inn] Active room data detected in DOM after 0s.
2026-06-05 18:17:10,199 [INFO] [Tarzana Inn] Using dollar-sign fallback block split
2026-06-05 18:17:10,203 [INFO] [Tarzana Inn] Parsed 0 room type(s): []
2026-06-05 18:17:10,203 [WARNING] [Tarzana Inn] No rooms parsed. HTML snapshot snippet:
id="resheader" class="GetToken">
<!-- loading bar - start -->			
<div class="vres-prog-wrap" style="display: none;">
<div class="vres-prog-div">
<div>
	<h3>Finding the best rates takes a while <br>
		<small>Please wait...</small>
	</h3>
	<div id="squaresWaveG">
		<div id="squaresWaveG_1" class="squaresWaveG"></div>
		<div id="squaresWaveG_2" class="squaresWaveG"></div>
		<div id="squaresWaveG_3" class="squaresWaveG"></div>
		<div id="squaresWaveG_4" class="squaresWaveG"></div>
		<div id="squares
2026-06-05 18:17:10,248 [ERROR] [Tarzana Inn] All attempts exhausted.
2026-06-05 18:17:10,248 [ERROR] [Tarzana Inn] No data returned for [manual].
2026-06-05 18:17:17,353 [INFO] [Sea Air Inn] Attempt 1/3
2026-06-05 18:17:17,685 [INFO] [Sea Air Inn] Navigating to https://live.ipms247.com/booking/book-rooms-seaairinn
2026-06-05 18:17:19,775 [INFO] [Sea Air Inn] Page landing check-in date: '06/05/2026'
2026-06-05 18:17:19,775 [INFO] [Sea Air Inn] Waiting for room records to hydrate inside DOM...
2026-06-05 18:17:19,800 [INFO] [Sea Air Inn] Active room data detected in DOM after 0s.
2026-06-05 18:17:21,842 [INFO] [Sea Air Inn] Using dollar-sign fallback block split
2026-06-05 18:17:21,848 [INFO] [Sea Air Inn] Parsed 0 room type(s): []
2026-06-05 18:17:21,848 [WARNING] [Sea Air Inn] No rooms parsed. HTML snapshot snippet:
id="resheader" class="GetToken">
<!-- loading bar - start -->			
<div class="vres-prog-wrap" style="display: none;">
<div class="vres-prog-div">
<div>
	<h3>Finding the best rates takes a while <br>
		<small>Please wait...</small>
	</h3>
	<div id="squaresWaveG">
		<div id="squaresWaveG_1" class="squaresWaveG"></div>
		<div id="squaresWaveG_2" class="squaresWaveG"></div>
		<div id="squaresWaveG_3" class="squaresWaveG"></div>
		<div id="squaresWaveG_4" class="squaresWaveG"></div>
		<div id="squares
2026-06-05 18:17:41,910 [INFO] [Sea Air Inn] Attempt 2/3
2026-06-05 18:17:42,245 [INFO] [Sea Air Inn] Navigating to https://live.ipms247.com/booking/book-rooms-seaairinn
2026-06-05 18:17:44,466 [INFO] [Sea Air Inn] Page landing check-in date: '06/05/2026'
2026-06-05 18:17:44,466 [INFO] [Sea Air Inn] Waiting for room records to hydrate inside DOM...
2026-06-05 18:17:44,506 [INFO] [Sea Air Inn] Active room data detected in DOM after 0s.
2026-06-05 18:17:46,545 [INFO] [Sea Air Inn] Using dollar-sign fallback block split
2026-06-05 18:17:46,551 [INFO] [Sea Air Inn] Parsed 0 room type(s): []
2026-06-05 18:17:46,551 [WARNING] [Sea Air Inn] No rooms parsed. HTML snapshot snippet:
id="resheader" class="GetToken">
<!-- loading bar - start -->			
<div class="vres-prog-wrap" style="display: none;">
<div class="vres-prog-div">
<div>
	<h3>Finding the best rates takes a while <br>
		<small>Please wait...</small>
	</h3>
	<div id="squaresWaveG">
		<div id="squaresWaveG_1" class="squaresWaveG"></div>
		<div id="squaresWaveG_2" class="squaresWaveG"></div>
		<div id="squaresWaveG_3" class="squaresWaveG"></div>
		<div id="squaresWaveG_4" class="squaresWaveG"></div>
		<div id="squares
2026-06-05 18:18:06,617 [INFO] [Sea Air Inn] Attempt 3/3
2026-06-05 18:18:06,949 [INFO] [Sea Air Inn] Navigating to https://live.ipms247.com/booking/book-rooms-seaairinn
2026-06-05 18:18:09,132 [INFO] [Sea Air Inn] Page landing check-in date: '06/05/2026'
2026-06-05 18:18:09,132 [INFO] [Sea Air Inn] Waiting for room records to hydrate inside DOM...
2026-06-05 18:18:09,167 [INFO] [Sea Air Inn] Active room data detected in DOM after 0s.
2026-06-05 18:18:11,208 [INFO] [Sea Air Inn] Using dollar-sign fallback block split
2026-06-05 18:18:11,215 [INFO] [Sea Air Inn] Parsed 0 room type(s): []
2026-06-05 18:18:11,215 [WARNING] [Sea Air Inn] No rooms parsed. HTML snapshot snippet:
id="resheader" class="GetToken">
<!-- loading bar - start -->			
<div class="vres-prog-wrap" style="display: none;">
<div class="vres-prog-div">
<div>
	<h3>Finding the best rates takes a while <br>
		<small>Please wait...</small>
	</h3>
	<div id="squaresWaveG">
		<div id="squaresWaveG_1" class="squaresWaveG"></div>
		<div id="squaresWaveG_2" class="squaresWaveG"></div>
		<div id="squaresWaveG_3" class="squaresWaveG"></div>
		<div id="squaresWaveG_4" class="squaresWaveG"></div>
		<div id="squares
2026-06-05 18:18:11,260 [ERROR] [Sea Air Inn] All attempts exhausted.
2026-06-05 18:18:11,260 [ERROR] [Sea Air Inn] No data returned for [manual].
2026-06-05 18:18:19,119 [INFO] [Blufftop Inn] Attempt 1/3
2026-06-05 18:18:19,446 [INFO] [Blufftop Inn] Navigating to https://book.ipms247.com/booking/book-rooms-blufftopinnsuiteswharfrestaurantdistrict
2026-06-05 18:18:20,024 [WARNING] [Blufftop Inn] Attempt 1 failed: Page.evaluate: Execution context was destroyed, most likely because of a navigation
2026-06-05 18:18:40,044 [INFO] [Blufftop Inn] Attempt 2/3
2026-06-05 18:18:40,376 [INFO] [Blufftop Inn] Navigating to https://book.ipms247.com/booking/book-rooms-blufftopinnsuiteswharfrestaurantdistrict
2026-06-05 18:18:40,947 [WARNING] [Blufftop Inn] Attempt 2 failed: Page.evaluate: Execution context was destroyed, most likely because of a navigation
2026-06-05 18:19:00,967 [INFO] [Blufftop Inn] Attempt 3/3
2026-06-05 18:19:01,299 [INFO] [Blufftop Inn] Navigating to https://book.ipms247.com/booking/book-rooms-blufftopinnsuiteswharfrestaurantdistrict
2026-06-05 18:19:01,824 [WARNING] [Blufftop Inn] Attempt 3 failed: Page.evaluate: Execution context was destroyed, most likely because of a navigation
2026-06-05 18:19:01,824 [ERROR] [Blufftop Inn] All attempts exhausted.
2026-06-05 18:19:01,824 [ERROR] [Blufftop Inn] No data returned for [manual].
2026-06-05 18:19:01,824 [INFO] === Run [manual] complete ===
2026-06-05 18:19:01,824 [INFO] GitHub Actions environment detected. Syncing changes to repository...
2026-06-05 18:19:01,834 [ERROR] Failed to push changes to GitHub: Command '['git', 'commit', '-m', 'chore: data snapshot update [manual] 2026-06-05']' returned non-zero exit status 1.
